Component: ARM Compiler 5.06 update 5 (build 528) Tool: armlink [4d35e2]

==============================================================================

Section Cross References

    startup_stm32f10x_md.o(RESET) refers to startup_stm32f10x_md.o(STACK) for __initial_sp
    startup_stm32f10x_md.o(RESET) refers to startup_stm32f10x_md.o(.text) for Reset_Handler
    startup_stm32f10x_md.o(RESET) refers to stm32f10x_it.o(i.NMI_Handler) for NMI_Handler
    startup_stm32f10x_md.o(RESET) refers to stm32f10x_it.o(i.HardFault_Handler) for HardFault_Handler
    startup_stm32f10x_md.o(RESET) refers to stm32f10x_it.o(i.MemManage_Handler) for MemManage_Handler
    startup_stm32f10x_md.o(RESET) refers to stm32f10x_it.o(i.BusFault_Handler) for BusFault_Handler
    startup_stm32f10x_md.o(RESET) refers to stm32f10x_it.o(i.UsageFault_Handler) for UsageFault_Handler
    startup_stm32f10x_md.o(RESET) refers to stm32f10x_it.o(i.SVC_Handler) for SVC_Handler
    startup_stm32f10x_md.o(RESET) refers to stm32f10x_it.o(i.DebugMon_Handler) for DebugMon_Handler
    startup_stm32f10x_md.o(RESET) refers to stm32f10x_it.o(i.PendSV_Handler) for PendSV_Handler
    startup_stm32f10x_md.o(RESET) refers to stm32f10x_it.o(i.SysTick_Handler) for SysTick_Handler
    startup_stm32f10x_md.o(RESET) refers to adc.o(i.DMA1_Channel1_IRQHandler) for DMA1_Channel1_IRQHandler
    startup_stm32f10x_md.o(RESET) refers to serial.o(i.USART1_IRQHandler) for USART1_IRQHandler
    startup_stm32f10x_md.o(.text) refers to system_stm32f10x.o(i.SystemInit) for SystemInit
    startup_stm32f10x_md.o(.text) refers to entry.o(.ARM.Collect$$$$00000000) for __main
    system_stm32f10x.o(i.SetSysClock) refers to system_stm32f10x.o(i.SetSysClockTo72) for SetSysClockTo72
    system_stm32f10x.o(i.SystemCoreClockUpdate) refers to system_stm32f10x.o(.data) for SystemCoreClock
    system_stm32f10x.o(i.SystemInit) refers to system_stm32f10x.o(i.SetSysClock) for SetSysClock
    stm32f10x_adc.o(i.ADC_DeInit) refers to stm32f10x_rcc.o(i.RCC_APB2PeriphResetCmd) for RCC_APB2PeriphResetCmd
    stm32f10x_bkp.o(i.BKP_DeInit) refers to stm32f10x_rcc.o(i.RCC_BackupResetCmd) for RCC_BackupResetCmd
    stm32f10x_can.o(i.CAN_DeInit) refers to stm32f10x_rcc.o(i.RCC_APB1PeriphResetCmd) for RCC_APB1PeriphResetCmd
    stm32f10x_can.o(i.CAN_GetITStatus) refers to stm32f10x_can.o(i.CheckITStatus) for CheckITStatus
    stm32f10x_cec.o(i.CEC_DeInit) refers to stm32f10x_rcc.o(i.RCC_APB1PeriphResetCmd) for RCC_APB1PeriphResetCmd
    stm32f10x_dac.o(i.DAC_DeInit) refers to stm32f10x_rcc.o(i.RCC_APB1PeriphResetCmd) for RCC_APB1PeriphResetCmd
    stm32f10x_flash.o(i.FLASH_EnableWriteProtection) refers to stm32f10x_flash.o(i.FLASH_WaitForLastOperation) for FLASH_WaitForLastOperation
    stm32f10x_flash.o(i.FLASH_EraseAllBank1Pages) refers to stm32f10x_flash.o(i.FLASH_WaitForLastBank1Operation) for FLASH_WaitForLastBank1Operation
    stm32f10x_flash.o(i.FLASH_EraseAllPages) refers to stm32f10x_flash.o(i.FLASH_WaitForLastOperation) for FLASH_WaitForLastOperation
    stm32f10x_flash.o(i.FLASH_EraseOptionBytes) refers to stm32f10x_flash.o(i.FLASH_GetReadOutProtectionStatus) for FLASH_GetReadOutProtectionStatus
    stm32f10x_flash.o(i.FLASH_EraseOptionBytes) refers to stm32f10x_flash.o(i.FLASH_WaitForLastOperation) for FLASH_WaitForLastOperation
    stm32f10x_flash.o(i.FLASH_ErasePage) refers to stm32f10x_flash.o(i.FLASH_WaitForLastOperation) for FLASH_WaitForLastOperation
    stm32f10x_flash.o(i.FLASH_ProgramHalfWord) refers to stm32f10x_flash.o(i.FLASH_WaitForLastOperation) for FLASH_WaitForLastOperation
    stm32f10x_flash.o(i.FLASH_ProgramOptionByteData) refers to stm32f10x_flash.o(i.FLASH_WaitForLastOperation) for FLASH_WaitForLastOperation
    stm32f10x_flash.o(i.FLASH_ProgramWord) refers to stm32f10x_flash.o(i.FLASH_WaitForLastOperation) for FLASH_WaitForLastOperation
    stm32f10x_flash.o(i.FLASH_ReadOutProtection) refers to stm32f10x_flash.o(i.FLASH_WaitForLastOperation) for FLASH_WaitForLastOperation
    stm32f10x_flash.o(i.FLASH_UserOptionByteConfig) refers to stm32f10x_flash.o(i.FLASH_WaitForLastOperation) for FLASH_WaitForLastOperation
    stm32f10x_flash.o(i.FLASH_WaitForLastBank1Operation) refers to stm32f10x_flash.o(i.FLASH_GetBank1Status) for FLASH_GetBank1Status
    stm32f10x_flash.o(i.FLASH_WaitForLastOperation) refers to stm32f10x_flash.o(i.FLASH_GetBank1Status) for FLASH_GetBank1Status
    stm32f10x_gpio.o(i.GPIO_AFIODeInit) refers to stm32f10x_rcc.o(i.RCC_APB2PeriphResetCmd) for RCC_APB2PeriphResetCmd
    stm32f10x_gpio.o(i.GPIO_DeInit) refers to stm32f10x_rcc.o(i.RCC_APB2PeriphResetCmd) for RCC_APB2PeriphResetCmd
    stm32f10x_i2c.o(i.I2C_DeInit) refers to stm32f10x_rcc.o(i.RCC_APB1PeriphResetCmd) for RCC_APB1PeriphResetCmd
    stm32f10x_i2c.o(i.I2C_Init) refers to stm32f10x_rcc.o(i.RCC_GetClocksFreq) for RCC_GetClocksFreq
    stm32f10x_pwr.o(i.PWR_DeInit) refers to stm32f10x_rcc.o(i.RCC_APB1PeriphResetCmd) for RCC_APB1PeriphResetCmd
[...]
    Removing stm32f10x_i2c.o(i.I2C_ReadRegister), (22 bytes).
    Removing stm32f10x_i2c.o(i.I2C_ReceiveData), (8 bytes).
    Removing stm32f10x_i2c.o(i.I2C_SMBusAlertConfig), (28 bytes).
    Removing stm32f10x_i2c.o(i.I2C_Send7bitAddress), (18 bytes).
    Removing stm32f10x_i2c.o(i.I2C_SendData), (4 bytes).
    Removing stm32f10x_i2c.o(i.I2C_SoftwareResetCmd), (22 bytes).
    Removing stm32f10x_i2c.o(i.I2C_StretchClockCmd), (24 bytes).
    Removing stm32f10x_i2c.o(i.I2C_StructInit), (30 bytes).
    Removing stm32f10x_i2c.o(i.I2C_TransmitPEC), (24 bytes).
    Removing stm32f10x_iwdg.o(i.IWDG_Enable), (16 bytes).
    Removing stm32f10x_iwdg.o(i.IWDG_GetFlagStatus), (24 bytes).
    Removing stm32f10x_iwdg.o(i.IWDG_ReloadCounter), (16 bytes).
    Removing stm32f10x_iwdg.o(i.IWDG_SetPrescaler), (12 bytes).
    Removing stm32f10x_iwdg.o(i.IWDG_SetReload), (12 bytes).
    Removing stm32f10x_iwdg.o(i.IWDG_WriteAccessCmd), (12 bytes).
    Removing stm32f10x_pwr.o(i.PWR_BackupAccessCmd), (12 bytes).
    Removing stm32f10x_pwr.o(i.PWR_ClearFlag), (20 bytes).
    Removing stm32f10x_pwr.o(i.PWR_DeInit), (22 bytes).
    Removing stm32f10x_pwr.o(i.PWR_EnterSTANDBYMode), (52 bytes).
    Removing stm32f10x_pwr.o(i.PWR_EnterSTOPMode), (64 bytes).
    Removing stm32f10x_pwr.o(i.PWR_GetFlagStatus), (24 bytes).
    Removing stm32f10x_pwr.o(i.PWR_PVDCmd), (12 bytes).
    Removing stm32f10x_pwr.o(i.PWR_PVDLevelConfig), (24 bytes).
    Removing stm32f10x_pwr.o(i.PWR_WakeUpPinCmd), (12 bytes).
    Removing stm32f10x_rcc.o(i.RCC_ADCCLKConfig), (24 bytes).
    Removing stm32f10x_rcc.o(i.RCC_APB1PeriphClockCmd), (32 bytes).
    Removing stm32f10x_rcc.o(i.RCC_APB1PeriphResetCmd), (32 bytes).
    Removing stm32f10x_rcc.o(i.RCC_APB2PeriphResetCmd), (32 bytes).
    Removing stm32f10x_rcc.o(i.RCC_AdjustHSICalibrationValue), (24 bytes).
    Removing stm32f10x_rcc.o(i.RCC_BackupResetCmd), (12 bytes).
    Removing stm32f10x_rcc.o(i.RCC_ClearFlag), (20 bytes).
    Removing stm32f10x_rcc.o(i.RCC_ClearITPendingBit), (12 bytes).
    Removing stm32f10x_rcc.o(i.RCC_ClockSecuritySystemCmd), (12 bytes).
    Removing stm32f10x_rcc.o(i.RCC_DeInit), (76 bytes).
    Removing stm32f10x_rcc.o(i.RCC_GetFlagStatus), (60 bytes).
    Removing stm32f10x_rcc.o(i.RCC_GetITStatus), (24 bytes).
    Removing stm32f10x_rcc.o(i.RCC_GetSYSCLKSource), (16 bytes).
    Removing stm32f10x_rcc.o(i.RCC_HCLKConfig), (24 bytes).
    Removing stm32f10x_rcc.o(i.RCC_HSEConfig), (76 bytes).
    Removing stm32f10x_rcc.o(i.RCC_HSICmd), (12 bytes).
    Removing stm32f10x_rcc.o(i.RCC_ITConfig), (32 bytes).
    Removing stm32f10x_rcc.o(i.RCC_LSEConfig), (52 bytes).
    Removing stm32f10x_rcc.o(i.RCC_LSICmd), (12 bytes).
    Removing stm32f10x_rcc.o(i.RCC_MCOConfig), (12 bytes).
    Removing stm32f10x_rcc.o(i.RCC_PCLK1Config), (24 bytes).
    Removing stm32f10x_rcc.o(i.RCC_PCLK2Config), (24 bytes).
    Removing stm32f10x_rcc.o(i.RCC_PLLCmd), (12 bytes).
    Removing stm32f10x_rcc.o(i.RCC_PLLConfig), (28 bytes).
    Removing stm32f10x_rcc.o(i.RCC_RTCCLKCmd), (12 bytes).
    Removing stm32f10x_rcc.o(i.RCC_RTCCLKConfig), (16 bytes).
    Removing stm32f10x_rcc.o(i.RCC_SYSCLKConfig), (24 bytes).
    Removing stm32f10x_rcc.o(i.RCC_USBCLKConfig), (12 bytes).
    Removing stm32f10x_rcc.o(i.RCC_WaitForHSEStartUp), (56 bytes).
    Removing stm32f10x_rtc.o(i.RTC_ClearFlag), (16 bytes).
    Removing stm32f10x_rtc.o(i.RTC_ClearITPendingBit), (16 bytes).
    Removing stm32f10x_rtc.o(i.RTC_EnterConfigMode), (20 bytes).
    Removing stm32f10x_rtc.o(i.RTC_ExitConfigMode), (20 bytes).
    Removing stm32f10x_rtc.o(i.RTC_GetCounter), (20 bytes).
    Removing stm32f10x_rtc.o(i.RTC_GetDivider), (24 bytes).
    Removing stm32f10x_rtc.o(i.RTC_GetFlagStatus), (24 bytes).
    Removing stm32f10x_rtc.o(i.RTC_GetITStatus), (36 bytes).
    Removing stm32f10x_rtc.o(i.RTC_ITConfig), (32 bytes).
    Removing stm32f10x_rtc.o(i.RTC_SetAlarm), (28 bytes).
    Removing stm32f10x_rtc.o(i.RTC_SetCounter), (28 bytes).
    Removing stm32f10x_rtc.o(i.RTC_SetPrescaler), (32 bytes).
    Removing stm32f10x_rtc.o(i.RTC_WaitForLastTask), (20 bytes).
    Removing stm32f10x_rtc.o(i.RTC_WaitForSynchro), (36 bytes).
    Removing stm32f10x_sdio.o(i.SDIO_CEATAITCmd), (16 bytes).
    Removing stm32f10x_sdio.o(i.SDIO_ClearFlag), (12 bytes).
    Removing stm32f10x_sdio.o(i.SDIO_ClearITPendingBit), (12 bytes).
    Removing stm32f10x_sdio.o(i.SDIO_ClockCmd), (12 bytes).
    Removing stm32f10x_sdio.o(i.SDIO_CmdStructInit), (14 bytes).
    Removing stm32f10x_sdio.o(i.SDIO_CommandCompletionCmd), (12 bytes).
    Removing stm32f10x_sdio.o(i.SDIO_DMACmd), (12 bytes).
    Removing stm32f10x_sdio.o(i.SDIO_DataConfig), (48 bytes).
    Removing stm32f10x_sdio.o(i.SDIO_DataStructInit), (20 bytes).
    Removing stm32f10x_sdio.o(i.SDIO_DeInit), (36 bytes).
    Removing stm32f10x_sdio.o(i.SDIO_GetCommandResponse), (12 bytes).
    Removing stm32f10x_sdio.o(i.SDIO_GetDataCounter), (12 bytes).
    Removing stm32f10x_sdio.o(i.SDIO_GetFIFOCount), (12 bytes).
    Removing stm32f10x_sdio.o(i.SDIO_GetFlagStatus), (24 bytes).
    Removing stm32f10x_sdio.o(i.SDIO_GetITStatus), (24 bytes).
    Removing stm32f10x_sdio.o(i.SDIO_GetPowerState), (16 bytes).
    Removing stm32f10x_sdio.o(i.SDIO_GetResponse), (24 bytes).
    Removing stm32f10x_sdio.o(i.SDIO_ITConfig), (32 bytes).
    Removing stm32f10x_sdio.o(i.SDIO_Init), (48 bytes).
    Removing stm32f10x_sdio.o(i.SDIO_ReadData), (12 bytes).
    Removing stm32f10x_sdio.o(i.SDIO_SendCEATACmd), (12 bytes).
    Removing stm32f10x_sdio.o(i.SDIO_SendCommand), (44 bytes).
    Removing stm32f10x_sdio.o(i.SDIO_SendSDIOSuspendCmd), (12 bytes).
    Removing stm32f10x_sdio.o(i.SDIO_SetPowerState), (28 bytes).
    Removing stm32f10x_sdio.o(i.SDIO_SetSDIOOperation), (12 bytes).
    Removing stm32f10x_sdio.o(i.SDIO_SetSDIOReadWaitMode), (12 bytes).
    Removing stm32f10x_sdio.o(i.SDIO_StartSDIOReadWait), (12 bytes).
    Removing stm32f10x_sdio.o(i.SDIO_StopSDIOReadWait), (12 bytes).
    Removing stm32f10x_sdio.o(i.SDIO_StructInit), (16 bytes).
    Removing stm32f10x_sdio.o(i.SDIO_WriteData), (12 bytes).
    Removing stm32f10x_spi.o(i.I2S_Cmd), (24 bytes).
    Removing stm32f10x_spi.o(i.I2S_Init), (232 bytes).
    Removing stm32f10x_spi.o(i.I2S_StructInit), (20 bytes).
    Removing stm32f10x_spi.o(i.SPI_BiDirectionalLineConfig), (28 bytes).
    Removing stm32f10x_spi.o(i.SPI_CalculateCRC), (24 bytes).
    Removing stm32f10x_spi.o(i.SPI_Cmd), (24 bytes).
    Removing stm32f10x_spi.o(i.SPI_DataSizeConfig), (18 bytes).
    Removing stm32f10x_spi.o(i.SPI_GetCRC), (16 bytes).
    Removing stm32f10x_spi.o(i.SPI_GetCRCPolynomial), (6 bytes).
    Removing stm32f10x_spi.o(i.SPI_I2S_ClearFlag), (6 bytes).
    Removing stm32f10x_spi.o(i.SPI_I2S_ClearITPendingBit), (20 bytes).
    Removing stm32f10x_spi.o(i.SPI_I2S_DMACmd), (18 bytes).
    Removing stm32f10x_spi.o(i.SPI_I2S_DeInit), (88 bytes).
    Removing stm32f10x_spi.o(i.SPI_I2S_GetFlagStatus), (18 bytes).
    Removing stm32f10x_spi.o(i.SPI_I2S_GetITStatus), (52 bytes).
    Removing stm32f10x_spi.o(i.SPI_I2S_ITConfig), (32 bytes).
    Removing stm32f10x_spi.o(i.SPI_I2S_ReceiveData), (6 bytes).
    Removing stm32f10x_spi.o(i.SPI_I2S_SendData), (4 bytes).
    Removing stm32f10x_spi.o(i.SPI_Init), (60 bytes).
    Removing stm32f10x_spi.o(i.SPI_NSSInternalSoftwareConfig), (30 bytes).
    Removing stm32f10x_spi.o(i.SPI_SSOutputCmd), (24 bytes).
    Removing stm32f10x_spi.o(i.SPI_StructInit), (24 bytes).
    Removing stm32f10x_spi.o(i.SPI_TransmitCRC), (10 bytes).
    Removing stm32f10x_tim.o(i.TI1_Config), (128 bytes).
    Removing stm32f10x_tim.o(i.TI2_Config), (152 bytes).
    Removing stm32f10x_tim.o(i.TI3_Config), (144 bytes).
    Removing stm32f10x_tim.o(i.TI4_Config), (152 bytes).
    Removing stm32f10x_tim.o(i.TIM_ARRPreloadConfig), (24 bytes).
    Removing stm32f10x_tim.o(i.TIM_BDTRConfig), (32 bytes).
    Removing stm32f10x_tim.o(i.TIM_BDTRStructInit), (18 bytes).
    Removing stm32f10x_tim.o(i.TIM_CCPreloadControl), (24 bytes).
    Removing stm32f10x_tim.o(i.TIM_CCxCmd), (30 bytes).
    Removing stm32f10x_tim.o(i.TIM_CCxNCmd), (30 bytes).
    Removing stm32f10x_tim.o(i.TIM_ClearFlag), (6 bytes).
    Removing stm32f10x_tim.o(i.TIM_ClearITPendingBit), (6 bytes).
    Removing stm32f10x_tim.o(i.TIM_ClearOC1Ref), (18 bytes).
    Removing stm32f10x_tim.o(i.TIM_ClearOC2Ref), (24 bytes).
    Removing stm32f10x_tim.o(i.TIM_ClearOC3Ref), (18 bytes).
    Removing stm32f10x_tim.o(i.TIM_ClearOC4Ref), (24 bytes).
    Removing stm32f10x_tim.o(i.TIM_Cmd), (24 bytes).
    Removing stm32f10x_tim.o(i.TIM_CounterModeConfig), (18 bytes).
    Removing stm32f10x_tim.o(i.TIM_CtrlPWMOutputs), (30 bytes).
    Removing stm32f10x_tim.o(i.TIM_DMACmd), (18 bytes).
    Removing stm32f10x_tim.o(i.TIM_DMAConfig), (10 bytes).
    Removing stm32f10x_tim.o(i.TIM_DeInit), (488 bytes).
    Removing stm32f10x_tim.o(i.TIM_ETRClockMode1Config), (54 bytes).
    Removing stm32f10x_tim.o(i.TIM_ETRClockMode2Config), (32 bytes).
    Removing stm32f10x_tim.o(i.TIM_ETRConfig), (28 bytes).
    Removing stm32f10x_tim.o(i.TIM_EncoderInterfaceConfig), (66 bytes).
    Removing stm32f10x_tim.o(i.TIM_ForcedOC1Config), (18 bytes).
    Removing stm32f10x_tim.o(i.TIM_ForcedOC2Config), (26 bytes).
    Removing stm32f10x_tim.o(i.TIM_ForcedOC3Config), (18 bytes).
    Removing stm32f10x_tim.o(i.TIM_ForcedOC4Config), (26 bytes).
    Removing stm32f10x_tim.o(i.TIM_GenerateEvent), (4 bytes).
    Removing stm32f10x_tim.o(i.TIM_GetCapture1), (6 bytes).
    Removing stm32f10x_tim.o(i.TIM_GetCapture2), (6 bytes).
    Removing stm32f10x_tim.o(i.TIM_GetCapture3), (6 bytes).
    Removing stm32f10x_tim.o(i.TIM_GetCapture4), (8 bytes).
    Removing stm32f10x_tim.o(i.TIM_GetCounter), (6 bytes).
    Removing stm32f10x_tim.o(i.TIM_GetFlagStatus), (18 bytes).
    Removing stm32f10x_tim.o(i.TIM_GetITStatus), (34 bytes).
    Removing stm32f10x_tim.o(i.TIM_GetPrescaler), (6 bytes).
    Removing stm32f10x_tim.o(i.TIM_ICInit), (172 bytes).
    Removing stm32f10x_tim.o(i.TIM_ICStructInit), (18 bytes).
    Removing stm32f10x_tim.o(i.TIM_ITConfig), (18 bytes).
    Removing stm32f10x_tim.o(i.TIM_ITRxExternalClockConfig), (24 bytes).
    Removing stm32f10x_tim.o(i.TIM_InternalClockConfig), (12 bytes).
    Removing stm32f10x_tim.o(i.TIM_OC1FastConfig), (18 bytes).
    Removing stm32f10x_tim.o(i.TIM_OC1Init), (152 bytes).
    Removing stm32f10x_tim.o(i.TIM_OC1NPolarityConfig), (18 bytes).
    Removing stm32f10x_tim.o(i.TIM_OC1PolarityConfig), (18 bytes).
    Removing stm32f10x_tim.o(i.TIM_OC1PreloadConfig), (18 bytes).
    Removing stm32f10x_tim.o(i.TIM_OC2FastConfig), (26 bytes).
    Removing stm32f10x_tim.o(i.TIM_OC2Init), (164 bytes).
    Removing stm32f10x_tim.o(i.TIM_OC2NPolarityConfig), (26 bytes).
    Removing stm32f10x_tim.o(i.TIM_OC2PolarityConfig), (26 bytes).
    Removing stm32f10x_tim.o(i.TIM_OC2PreloadConfig), (26 bytes).
    Removing stm32f10x_tim.o(i.TIM_OC3FastConfig), (18 bytes).
    Removing stm32f10x_tim.o(i.TIM_OC3Init), (160 bytes).
    Removing stm32f10x_tim.o(i.TIM_OC3NPolarityConfig), (26 bytes).
    Removing stm32f10x_tim.o(i.TIM_OC3PolarityConfig), (26 bytes).
    Removing stm32f10x_tim.o(i.TIM_OC3PreloadConfig), (18 bytes).
    Removing stm32f10x_tim.o(i.TIM_OC4FastConfig), (26 bytes).
    Removing stm32f10x_tim.o(i.TIM_OC4Init), (124 bytes).
    Removing stm32f10x_tim.o(i.TIM_OC4PolarityConfig), (26 bytes).
    Removing stm32f10x_tim.o(i.TIM_OC4PreloadConfig), (26 bytes).
    Removing stm32f10x_tim.o(i.TIM_OCStructInit), (20 bytes).
    Removing stm32f10x_tim.o(i.TIM_PWMIConfig), (124 bytes).
    Removing stm32f10x_tim.o(i.TIM_PrescalerConfig), (6 bytes).
    Removing stm32f10x_tim.o(i.TIM_SelectCCDMA), (24 bytes).
    Removing stm32f10x_tim.o(i.TIM_SelectCOM), (24 bytes).
    Removing stm32f10x_tim.o(i.TIM_SelectHallSensor), (24 bytes).
    Removing stm32f10x_tim.o(i.TIM_SelectInputTrigger), (18 bytes).
    Removing stm32f10x_tim.o(i.TIM_SelectMasterSlaveMode), (18 bytes).
    Removing stm32f10x_tim.o(i.TIM_SelectOCxM), (82 bytes).
    Removing stm32f10x_tim.o(i.TIM_SelectOnePulseMode), (18 bytes).
    Removing stm32f10x_tim.o(i.TIM_SelectOutputTrigger), (18 bytes).
    Removing stm32f10x_tim.o(i.TIM_SelectSlaveMode), (18 bytes).
    Removing stm32f10x_tim.o(i.TIM_SetAutoreload), (4 bytes).
    Removing stm32f10x_tim.o(i.TIM_SetClockDivision), (18 bytes).
    Removing stm32f10x_tim.o(i.TIM_SetCompare1), (4 bytes).
    Removing stm32f10x_tim.o(i.TIM_SetCompare2), (4 bytes).
    Removing stm32f10x_tim.o(i.TIM_SetCompare3), (4 bytes).
    Removing stm32f10x_tim.o(i.TIM_SetCompare4), (6 bytes).
    Removing stm32f10x_tim.o(i.TIM_SetCounter), (4 bytes).
    Removing stm32f10x_tim.o(i.TIM_SetIC1Prescaler), (18 bytes).
    Removing stm32f10x_tim.o(i.TIM_SetIC2Prescaler), (26 bytes).
    Removing stm32f10x_tim.o(i.TIM_SetIC3Prescaler), (18 bytes).
    Removing stm32f10x_tim.o(i.TIM_SetIC4Prescaler), (26 bytes).
    Removing stm32f10x_tim.o(i.TIM_TIxExternalClockConfig), (62 bytes).
    Removing stm32f10x_tim.o(i.TIM_TimeBaseInit), (164 bytes).
    Removing stm32f10x_tim.o(i.TIM_TimeBaseStructInit), (18 bytes).
    Removing stm32f10x_tim.o(i.TIM_UpdateDisableConfig), (24 bytes).
    Removing stm32f10x_tim.o(i.TIM_UpdateRequestConfig), (24 bytes).
    Removing stm32f10x_usart.o(i.USART_ClearFlag), (18 bytes).
    Removing stm32f10x_usart.o(i.USART_ClearITPendingBit), (30 bytes).
    Removing stm32f10x_usart.o(i.USART_ClockInit), (34 bytes).
    Removing stm32f10x_usart.o(i.USART_ClockStructInit), (12 bytes).
    Removing stm32f10x_usart.o(i.USART_DMACmd), (18 bytes).
    Removing stm32f10x_usart.o(i.USART_DeInit), (156 bytes).
    Removing stm32f10x_usart.o(i.USART_HalfDuplexCmd), (24 bytes).
    Removing stm32f10x_usart.o(i.USART_IrDACmd), (24 bytes).
    Removing stm32f10x_usart.o(i.USART_IrDAConfig), (18 bytes).
    Removing stm32f10x_usart.o(i.USART_LINBreakDetectLengthConfig), (18 bytes).
    Removing stm32f10x_usart.o(i.USART_LINCmd), (24 bytes).
    Removing stm32f10x_usart.o(i.USART_OneBitMethodCmd), (24 bytes).
    Removing stm32f10x_usart.o(i.USART_OverSampling8Cmd), (22 bytes).
    Removing stm32f10x_usart.o(i.USART_ReceiverWakeUpCmd), (24 bytes).
    Removing stm32f10x_usart.o(i.USART_SendBreak), (10 bytes).
    Removing stm32f10x_usart.o(i.USART_SetAddress), (18 bytes).
    Removing stm32f10x_usart.o(i.USART_SetGuardTime), (16 bytes).
    Removing stm32f10x_usart.o(i.USART_SetPrescaler), (16 bytes).
    Removing stm32f10x_usart.o(i.USART_SmartCardCmd), (24 bytes).
    Removing stm32f10x_usart.o(i.USART_SmartCardNACKCmd), (24 bytes).
    Removing stm32f10x_usart.o(i.USART_StructInit), (24 bytes).
    Removing stm32f10x_usart.o(i.USART_WakeUpConfig), (18 bytes).
    Removing stm32f10x_wwdg.o(i.WWDG_ClearFlag), (12 bytes).
    Removing stm32f10x_wwdg.o(i.WWDG_DeInit), (22 bytes).
    Removing stm32f10x_wwdg.o(i.WWDG_Enable), (16 bytes).
    Removing stm32f10x_wwdg.o(i.WWDG_EnableIT), (12 bytes).
    Removing stm32f10x_wwdg.o(i.WWDG_GetFlagStatus), (12 bytes).
    Removing stm32f10x_wwdg.o(i.WWDG_SetCounter), (16 bytes).
    Removing stm32f10x_wwdg.o(i.WWDG_SetPrescaler), (24 bytes).
    Removing stm32f10x_wwdg.o(i.WWDG_SetWindowValue), (40 bytes).
    Removing delay.o(i.Delay_s), (24 bytes).
    Removing cli.o(i.CLI_Info), (84 bytes).
    Removing filter.o(i.Filter_Average), (50 bytes).
    Removing filter.o(i.Filter_Median), (132 bytes).
    Removing filter.o(i.Filter_MovingAverage), (76 bytes).
    Removing filter.o(.bss), (530 bytes).
    Removing led.o(i.LED1_Turn), (36 bytes).
    Removing led.o(i.LED2_OFF), (16 bytes).
    Removing led.o(i.LED2_ON), (16 bytes).
    Removing led.o(i.LED2_Turn), (36 bytes).
    Removing led.o(i.LED_Init), (52 bytes).
    Removing key.o(i.Key_GetNum), (92 bytes).
    Removing key.o(i.Key_Init), (44 bytes).
    Removing oled.o(i.OLED_Clear), (68 bytes).
    Removing oled.o(i.OLED_ClearWave), (56 bytes).
    Removing oled.o(i.OLED_DrawAxis), (44 bytes).
    Removing oled.o(i.OLED_DrawPoint), (96 bytes).
    Removing oled.o(i.OLED_DrawWave), (72 bytes).
    Removing oled.o(i.OLED_I2C_Init), (80 bytes).
    Removing oled.o(i.OLED_I2C_SendByte), (92 bytes).
    Removing oled.o(i.OLED_I2C_Start), (52 bytes).
    Removing oled.o(i.OLED_I2C_Stop), (40 bytes).
    Removing oled.o(i.OLED_Init), (178 bytes).
    Removing oled.o(i.OLED_Pow), (20 bytes).
    Removing oled.o(i.OLED_SetCursor), (34 bytes).
    Removing oled.o(i.OLED_ShowChar), (124 bytes).
    Removing oled.o(i.OLED_ShowNum), (68 bytes).
    Removing oled.o(i.OLED_ShowString), (40 bytes).
    Removing oled.o(i.OLED_WriteCommand), (36 bytes).
    Removing oled.o(i.OLED_WriteData), (36 bytes).
    Removing oled.o(.bss), (1024 bytes).
    Removing oled.o(.constdata), (1520 bytes).
    Removing oled.o(.data), (1 bytes).
    Removing serial.o(i.Serial_GetRxData), (12 bytes).
    Removing serial.o(i.Serial_GetRxFlag), (28 bytes).
    Removing serial.o(i.Serial_Pow), (20 bytes).
    Removing serial.o(i.Serial_Printf), (44 bytes).
    Removing serial.o(i.Serial_SendArray), (26 bytes).
    Removing serial.o(i.Serial_SendNumber), (58 bytes).
    Removing tim.o(i.Timer_Init), (124 bytes).
    Removing tim.o(.data), (8 bytes).
    Removing dht11.o(i.DHT11_Init), (36 bytes).

486 unused section(s) (total 23059 bytes) removed from the image.

==============================================================================

Image Symbol Table

    Local Symbols

    Symbol Name                              Value     Ov Type        Size  Object(Section)

    ../clib/microlib/ctype/ctype.c           0x00000000   Number         0  isspace_c.o ABSOLUTE
    ../clib/microlib/ctype/ctype.c           0x00000000   Number         0  ctype_c.o ABSOLUTE
    ../clib/microlib/division.c              0x00000000   Number         0  uldiv.o ABSOLUTE
    ../clib/microlib/division.c              0x00000000   Number         0  uidiv.o ABSOLUTE
    ../clib/microlib/init/entry.s            0x00000000   Number         0  entry7b.o ABSOLUTE
    ../clib/microlib/init/entry.s            0x00000000   Number         0  entry11b.o ABSOLUTE
    ../clib/microlib/init/entry.s            0x00000000   Number         0  entry11a.o ABSOLUTE
    ../clib/microlib/init/entry.s            0x00000000   Number         0  entry10b.o ABSOLUTE
    ../clib/microlib/init/entry.s            0x00000000   Number         0  entry5.o ABSOLUTE
    ../clib/microlib/init/entry.s            0x00000000   Number         0  entry2.o ABSOLUTE
    ../clib/microlib/init/entry.s            0x00000000   Number         0  entry8a.o ABSOLUTE
    ../clib/microlib/init/entry.s            0x00000000   Number         0  entry10a.o ABSOLUTE
    ../clib/microlib/init/entry.s            0x00000000   Number         0  entry9b.o ABSOLUTE
    ../clib/microlib/init/entry.s            0x00000000   Number         0  entry9a.o ABSOLUTE
    ../clib/microlib/init/entry.s            0x00000000   Number         0  entry.o ABSOLUTE
    ../clib/microlib/init/entry.s            0x00000000   Number         0  entry8b.o ABSOLUTE
    ../clib/microlib/init/entry.s            0x00000000   Number         0  entry7a.o ABSOLUTE
    ../clib/microlib/longlong.c              0x00000000   Number         0  llshl.o ABSOLUTE
    ../clib/microlib/longlong.c              0x00000000   Number         0  llushr.o ABSOLUTE
    ../clib/microlib/longlong.c              0x00000000   Number         0  llsshr.o ABSOLUTE
    ../clib/microlib/printf/printf.c         0x00000000   Number         0  printf1.o ABSOLUTE
    ../clib/microlib/printf/printf.c         0x00000000   Number         0  printf8.o ABSOLUTE
    ../clib/microlib/printf/printf.c         0x00000000   Number         0  printf2.o ABSOLUTE
    ../clib/microlib/printf/printf.c         0x00000000   Number         0  printf0.o ABSOLUTE
    ../clib/microlib/printf/printf.c         0x00000000   Number         0  printf3.o ABSOLUTE
    ../clib/microlib/printf/printf.c         0x00000000   Number         0  printf4.o ABSOLUTE
    ../clib/microlib/printf/printf.c         0x00000000   Number         0  printf5.o ABSOLUTE
    ../clib/microlib/printf/printf.c         0x00000000   Number         0  printf6.o ABSOLUTE
    ../clib/microlib/printf/printf.c         0x00000000   Number         0  printfa.o ABSOLUTE
    ../clib/microlib/printf/printf.c         0x00000000   Number         0  printf7.o ABSOLUTE
    ../clib/microlib/printf/printf.c         0x00000000   Number         0  printfb.o ABSOLUTE
    ../clib/microlib/printf/stubs.s          0x00000000   Number         0  stubs.o ABSOLUTE
    ../clib/microlib/stdio/streams.c         0x00000000   Number         0  stdout.o ABSOLUTE
    ../clib/microlib/string/memcpy.c         0x00000000   Number         0  memcpyb.o ABSOLUTE
    ../clib/microlib/string/memcpy.c         0x00000000   Number         0  memcpya.o ABSOLUTE
    ../clib/microlib/string/memset.c         0x00000000   Number         0  memseta.o ABSOLUTE
    ../clib/microlib/string/strcmp.c         0x00000000   Number         0  strcmp.o ABSOLUTE
    ../clib/microlib/string/strncmp.c        0x00000000   Number         0  strncmp.o ABSOLUTE
    ../clib/microlib/stubs.s                 0x00000000   Number         0  iusefp.o ABSOLUTE
    ../clib/scanf.c                          0x00000000   Number         0  scanf_fp.o ABSOLUTE
    ../clib/scanf.c                          0x00000000   Number         0  __0sscanf.o ABSOLUTE
    ../clib/scanf.c                          0x00000000   Number         0  _scanf.o ABSOLUTE
    ../clib/scanf.c                          0x00000000   Number         0  _sgetc.o ABSOLUTE
    ../clib/scanf.c                          0x00000000   Number         0  scanf_char.o ABSOLUTE
    ../fplib/microlib/d2f.c                  0x00000000   Number         0  d2f.o ABSOLUTE
    ../fplib/microlib/f2d.c                  0x00000000   Number         0  f2d.o ABSOLUTE
    ../fplib/microlib/fpadd.c                0x00000000   Number         0  fadd.o ABSOLUTE
    ../fplib/microlib/fpadd.c                0x00000000   Number         0  dadd.o ABSOLUTE
    ../fplib/microlib/fpdiv.c                0x00000000   Number         0  ddiv.o ABSOLUTE
    ../fplib/microlib/fpepilogue.c           0x00000000   Number         0  depilogue.o ABSOLUTE
    ../fplib/microlib/fpepilogue.c           0x00000000   Number         0  fepilogue.o ABSOLUTE
    ../fplib/microlib/fpfix.c                0x00000000   Number         0  ffixui.o ABSOLUTE
    ../fplib/microlib/fpfix.c                0x00000000   Number         0  dfixul.o ABSOLUTE
    ../fplib/microlib/fpflt.c                0x00000000   Number         0  ffltui.o ABSOLUTE
    ../fplib/microlib/fpflt.c                0x00000000   Number         0  dfltul.o ABSOLUTE
    ../fplib/microlib/fpmul.c                0x00000000   Number         0  fmul.o ABSOLUTE
    ../fplib/microlib/fpmul.c                0x00000000   Number         0  dmul.o ABSOLUTE
    Algorithm\Filter.c                       0x00000000   Number         0  filter.o ABSOLUTE
    Hardware\ADC.c                           0x00000000   Number         0  adc.o ABSOLUTE
    Hardware\Dht11.c                         0x00000000   Number         0  dht11.o ABSOLUTE
    Hardware\Key.c                           0x00000000   Number         0  key.o ABSOLUTE
    Hardware\LED.c                           0x00000000   Number         0  led.o ABSOLUTE
    Hardware\OLED.c                          0x00000000   Number         0  oled.o ABSOLUTE
    Hardware\Serial.c                        0x00000000   Number         0  serial.o ABSOLUTE
    Hardware\SysTick.c                       0x00000000   Number         0  systick.o ABSOLUTE
    Hardware\Tim.c                           0x00000000   Number         0  tim.o ABSOLUTE
    Library\misc.c                           0x00000000   Number         0  misc.o ABSOLUTE
    Library\stm32f10x_adc.c                  0x00000000   Number         0  stm32f10x_adc.o ABSOLUTE
    Library\stm32f10x_bkp.c                  0x00000000   Number         0  stm32f10x_bkp.o ABSOLUTE
    Library\stm32f10x_can.c                  0x00000000   Number         0  stm32f10x_can.o ABSOLUTE
    Library\stm32f10x_cec.c                  0x00000000   Number         0  stm32f10x_cec.o ABSOLUTE
    Library\stm32f10x_crc.c                  0x00000000   Number         0  stm32f10x_crc.o ABSOLUTE
    Library\stm32f10x_dac.c                  0x00000000   Number         0  stm32f10x_dac.o ABSOLUTE
    Library\stm32f10x_dbgmcu.c               0x00000000   Number         0  stm32f10x_dbgmcu.o ABSOLUTE
    Library\stm32f10x_dma.c                  0x00000000   Number         0  stm32f10x_dma.o ABSOLUTE
    Library\stm32f10x_exti.c                 0x00000000   Number         0  stm32f10x_exti.o ABSOLUTE
    Library\stm32f10x_flash.c                0x00000000   Number         0  stm32f10x_flash.o ABSOLUTE
    Library\stm32f10x_fsmc.c                 0x00000000   Number         0  stm32f10x_fsmc.o ABSOLUTE
    Library\stm32f10x_gpio.c                 0x00000000   Number         0  stm32f10x_gpio.o ABSOLUTE
    Library\stm32f10x_i2c.c                  0x00000000   Number         0  stm32f10x_i2c.o ABSOLUTE
    Library\stm32f10x_iwdg.c                 0x00000000   Number         0  stm32f10x_iwdg.o ABSOLUTE
    Library\stm32f10x_pwr.c                  0x00000000   Number         0  stm32f10x_pwr.o ABSOLUTE
    Library\stm32f10x_rcc.c                  0x00000000   Number         0  stm32f10x_rcc.o ABSOLUTE
    Library\stm32f10x_rtc.c                  0x00000000   Number         0  stm32f10x_rtc.o ABSOLUTE
    Library\stm32f10x_sdio.c                 0x00000000   Number         0  stm32f10x_sdio.o ABSOLUTE
    Library\stm32f10x_spi.c                  0x00000000   Number         0  stm32f10x_spi.o ABSOLUTE
    Library\stm32f10x_tim.c                  0x00000000   Number         0  stm32f10x_tim.o ABSOLUTE
    Library\stm32f10x_usart.c                0x00000000   Number         0  stm32f10x_usart.o ABSOLUTE
    Library\stm32f10x_wwdg.c                 0x00000000   Number         0  stm32f10x_wwdg.o ABSOLUTE
    Start\\core_cm3.c                        0x00000000   Number         0  core_cm3.o ABSOLUTE
    Start\core_cm3.c                         0x00000000   Number         0  core_cm3.o ABSOLUTE
    Start\startup_stm32f10x_md.s             0x00000000   Number         0  startup_stm32f10x_md.o ABSOLUTE
    Start\system_stm32f10x.c                 0x00000000   Number         0  system_stm32f10x.o ABSOLUTE
    System\CLI.c                             0x00000000   Number         0  cli.o ABSOLUTE
    System\Delay.c                           0x00000000   Number         0  delay.o ABSOLUTE
    System\Task.c                            0x00000000   Number         0  task.o ABSOLUTE
    User\main.c                              0x00000000   Number         0  main.o ABSOLUTE
    User\stm32f10x_it.c                      0x00000000   Number         0  stm32f10x_it.o ABSOLUTE
    cdrcmple.s                               0x00000000   Number         0  cdrcmple.o ABSOLUTE
    cfcmple.s                                0x00000000   Number         0  cfcmple.o ABSOLUTE
    cfrcmple.s                               0x00000000   Number         0  cfrcmple.o ABSOLUTE
    dc.s                                     0x00000000   Number         0  dc.o ABSOLUTE
    handlers.s                               0x00000000   Number         0  handlers.o ABSOLUTE
    init.s                                   0x00000000   Number         0  init.o ABSOLUTE
    RESET                                    0x08000000   Section      236  startup_stm32f10x_md.o(RESET)
    .ARM.Collect$$$$00000000                 0x080000ec   Section        0  entry.o(.ARM.Collect$$$$00000000)
    .ARM.Collect$$$$00000001                 0x080000ec   Section        4  entry2.o(.ARM.Collect$$$$00000001)
    .ARM.Collect$$$$00000004                 0x080000f0   Section        4  entry5.o(.ARM.Collect$$$$00000004)
    .ARM.Collect$$$$00000008                 0x080000f4   Section        0  entry7b.o(.ARM.Collect$$$$00000008)
    .ARM.Collect$$$$0000000A                 0x080000f4   Section        0  entry8b.o(.ARM.Collect$$$$0000000A)
    .ARM.Collect$$$$0000000B                 0x080000f4   Section        8  entry9a.o(.ARM.Collect$$$$0000000B)
    .ARM.Collect$$$$0000000D                 0x080000fc   Section        0  entry10a.o(.ARM.Collect$$$$0000000D)
    .ARM.Collect$$$$0000000F                 0x080000fc   Section        0  entry11a.o(.ARM.Collect$$$$0000000F)
    .ARM.Collect$$$$00002712                 0x080000fc   Section        4  entry2.o(.ARM.Collect$$$$00002712)
    __lit__00000000                          0x080000fc   Data           4  entry2.o(.ARM.Collect$$$$00002712)
    .text                                    0x08000100   Section       36  startup_stm32f10x_md.o(.text)
    .text                                    0x08000124   Section        0  memseta.o(.text)
    .text                                    0x08000148   Section        0  strcmp.o(.text)
    .text                                    0x08000164   Section        0  strncmp.o(.text)
    .text                                    0x08000184   Section        0  __0sscanf.o(.text)
    .text                                    0x080001bc   Section        0  scanf_fp.o(.text)
    _fp_value                                0x080001bd   Thumb Code   296  scanf_fp.o(.text)
    .text                                    0x0800051c   Section        0  fadd.o(.text)
    .text                                    0x080005cc   Section        0  fmul.o(.text)
    .text                                    0x08000630   Section        0  ffltui.o(.text)
    .text                                    0x0800063a   Section        0  ffixui.o(.text)
    .text                                    0x08000662   Section        0  f2d.o(.text)
    .text                                    0x08000688   Section       20  cfcmple.o(.text)
    .text                                    0x0800069c   Section       20  cfrcmple.o(.text)
    .text                                    0x080006b0   Section        0  uidiv.o(.text)
    .text                                    0x080006dc   Section        0  uldiv.o(.text)
    .text                                    0x08000740   Section        0  scanf_char.o(.text)
    _scanf_char_input                        0x08000741   Thumb Code    12  scanf_char.o(.text)
    .text                                    0x08000768   Section        0  _sgetc.o(.text)
    .text                                    0x080007a8   Section        0  iusefp.o(.text)
    .text                                    0x080007a8   Section        0  fepilogue.o(.text)
    .text                                    0x08000816   Section        0  dadd.o(.text)
    .text                                    0x08000964   Section        0  dmul.o(.text)
    .text                                    0x08000a48   Section        0  ddiv.o(.text)
    .text                                    0x08000b26   Section        0  dfltul.o(.text)
    .text                                    0x08000b3e   Section        0  dfixul.o(.text)
    .text                                    0x08000b70   Section       48  cdrcmple.o(.text)
    .text                                    0x08000ba0   Section        0  d2f.o(.text)
    .text                                    0x08000bd8   Section       36  init.o(.text)
    .text                                    0x08000bfc   Section        0  llshl.o(.text)
    .text                                    0x08000c1a   Section        0  llushr.o(.text)
    .text                                    0x08000c3a   Section        0  llsshr.o(.text)
    .text                                    0x08000c5e   Section        0  isspace_c.o(.text)
    .text                                    0x08000c68   Section        0  _scanf.o(.text)
    .text                                    0x08000f94   Section        0  depilogue.o(.text)
    .text                                    0x08001050   Section        0  ctype_c.o(.text)
    i.ADC1_Init                              0x08001078   Section        0  adc.o(i.ADC1_Init)
    i.ADC_Cmd                                0x08001114   Section        0  stm32f10x_adc.o(i.ADC_Cmd)
    i.ADC_DMACmd                             0x0800112a   Section        0  stm32f10x_adc.o(i.ADC_DMACmd)
    i.ADC_GetCalibrationStatus               0x08001140   Section        0  stm32f10x_adc.o(i.ADC_GetCalibrationStatus)
    i.ADC_GetResetCalibrationStatus          0x08001154   Section        0  stm32f10x_adc.o(i.ADC_GetResetCalibrationStatus)
    i.ADC_Init                               0x08001168   Section        0  stm32f10x_adc.o(i.ADC_Init)
    i.ADC_RegularChannelConfig               0x080011b8   Section        0  stm32f10x_adc.o(i.ADC_RegularChannelConfig)
    i.ADC_ResetCalibration                   0x08001270   Section        0  stm32f10x_adc.o(i.ADC_ResetCalibration)
    i.ADC_SoftwareStartConvCmd               0x0800127a   Section        0  stm32f10x_adc.o(i.ADC_SoftwareStartConvCmd)
    i.ADC_StartCalibration                   0x08001290   Section        0  stm32f10x_adc.o(i.ADC_StartCalibration)
    i.BusFault_Handler                       0x0800129a   Section        0  stm32f10x_it.o(i.BusFault_Handler)
    i.CLI_AdcOff                             0x080012a0   Section        0  cli.o(i.CLI_AdcOff)
    CLI_AdcOff                               0x080012a1   Thumb Code    18  cli.o(i.CLI_AdcOff)
    i.CLI_AdcOn                              0x080012d0   Section        0  cli.o(i.CLI_AdcOn)
    CLI_AdcOn                                0x080012d1   Thumb Code    16  cli.o(i.CLI_AdcOn)
    i.CLI_DHT                                0x080012fc   Section        0  cli.o(i.CLI_DHT)
    CLI_DHT                                  0x080012fd   Thumb Code    48  cli.o(i.CLI_DHT)
    i.CLI_FilterOff                          0x08001354   Section        0  cli.o(i.CLI_FilterOff)
    CLI_FilterOff                            0x08001355   Thumb Code    16  cli.o(i.CLI_FilterOff)
    i.CLI_FilterOn                           0x0800137c   Section        0  cli.o(i.CLI_FilterOn)
    CLI_FilterOn                             0x0800137d   Thumb Code    16  cli.o(i.CLI_FilterOn)
    i.CLI_Help                               0x080013a4   Section        0  cli.o(i.CLI_Help)
    CLI_Help                                 0x080013a5   Thumb Code    70  cli.o(i.CLI_Help)
    i.CLI_LED_OFF                            0x08001558   Section        0  cli.o(i.CLI_LED_OFF)
    CLI_LED_OFF                              0x08001559   Thumb Code    14  cli.o(i.CLI_LED_OFF)
    i.CLI_LED_ON                             0x08001578   Section        0  cli.o(i.CLI_LED_ON)
    CLI_LED_ON                               0x08001579   Thumb Code    14  cli.o(i.CLI_LED_ON)
    i.CLI_Process                            0x08001594   Section        0  cli.o(i.CLI_Process)
    i.CLI_Reboot                             0x080016d0   Section        0  cli.o(i.CLI_Reboot)
    CLI_Reboot                               0x080016d1   Thumb Code    36  cli.o(i.CLI_Reboot)
    i.DHT11_Mode_In                          0x08001710   Section        0  dht11.o(i.DHT11_Mode_In)
    DHT11_Mode_In                            0x08001711   Thumb Code    30  dht11.o(i.DHT11_Mode_In)
    i.DHT11_Mode_Out                         0x08001734   Section        0  dht11.o(i.DHT11_Mode_Out)
    DHT11_Mode_Out                           0x08001735   Thumb Code    30  dht11.o(i.DHT11_Mode_Out)
    i.DHT11_Read                             0x08001758   Section        0  dht11.o(i.DHT11_Read)
    i.DHT11_Read_Byte                        0x08001844   Section        0  dht11.o(i.DHT11_Read_Byte)
    DHT11_Read_Byte                          0x08001845   Thumb Code    94  dht11.o(i.DHT11_Read_Byte)
    i.DHT11_Read_Data                        0x080018a4   Section        0  dht11.o(i.DHT11_Read_Data)
    DHT11_Read_Data                          0x080018a5   Thumb Code    12  dht11.o(i.DHT11_Read_Data)
    i.DMA1_Channel1_IRQHandler               0x080018b4   Section        0  adc.o(i.DMA1_Channel1_IRQHandler)
    i.DMA_ClearITPendingBit                  0x080018f0   Section        0  stm32f10x_dma.o(i.DMA_ClearITPendingBit)
    i.DMA_Cmd                                0x0800190c   Section        0  stm32f10x_dma.o(i.DMA_Cmd)
    i.DMA_DeInit                             0x08001924   Section        0  stm32f10x_dma.o(i.DMA_DeInit)
    i.DMA_GetITStatus                        0x08001a70   Section        0  stm32f10x_dma.o(i.DMA_GetITStatus)
    i.DMA_ITConfig                           0x08001a9c   Section        0  stm32f10x_dma.o(i.DMA_ITConfig)
    i.DMA_Init                               0x08001aae   Section        0  stm32f10x_dma.o(i.DMA_Init)
    i.DMA_NVIC_Init                          0x08001aea   Section        0  adc.o(i.DMA_NVIC_Init)
    i.DebugMon_Handler                       0x08001b08   Section        0  stm32f10x_it.o(i.DebugMon_Handler)
    i.Delay_ms                               0x08001b0a   Section        0  delay.o(i.Delay_ms)
    i.Delay_us                               0x08001b22   Section        0  delay.o(i.Delay_us)
    i.Filter_GetAlpha                        0x08001b50   Section        0  filter.o(i.Filter_GetAlpha)
    i.Filter_SetAlpha                        0x08001b5c   Section        0  filter.o(i.Filter_SetAlpha)
    i.GPIO_Init                              0x08001b90   Section        0  stm32f10x_gpio.o(i.GPIO_Init)
    i.GPIO_ReadInputDataBit                  0x08001ca6   Section        0  stm32f10x_gpio.o(i.GPIO_ReadInputDataBit)
    i.GPIO_ResetBits                         0x08001cb8   Section        0  stm32f10x_gpio.o(i.GPIO_ResetBits)
    i.GPIO_SetBits                           0x08001cbc   Section        0  stm32f10x_gpio.o(i.GPIO_SetBits)
    i.HardFault_Handler                      0x08001cc0   Section        0  stm32f10x_it.o(i.HardFault_Handler)
    i.LED1_OFF                               0x08001cc4   Section        0  led.o(i.LED1_OFF)
    i.LED1_ON                                0x08001cd4   Section        0  led.o(i.LED1_ON)
    i.MY_DMA_Init                            0x08001ce4   Section        0  adc.o(i.MY_DMA_Init)
    i.MemManage_Handler                      0x08001d58   Section        0  stm32f10x_it.o(i.MemManage_Handler)
    i.NMI_Handler                            0x08001d5c   Section        0  stm32f10x_it.o(i.NMI_Handler)
    i.NVIC_Init                              0x08001d60   Section        0  misc.o(i.NVIC_Init)
    i.NVIC_PriorityGroupConfig               0x08001dd0   Section        0  misc.o(i.NVIC_PriorityGroupConfig)
    i.PendSV_Handler                         0x08001de4   Section        0  stm32f10x_it.o(i.PendSV_Handler)
    i.RCC_AHBPeriphClockCmd                  0x08001de8   Section        0  stm32f10x_rcc.o(i.RCC_AHBPeriphClockCmd)
    i.RCC_APB2PeriphClockCmd                 0x08001e08   Section        0  stm32f10x_rcc.o(i.RCC_APB2PeriphClockCmd)
    i.RCC_GetClocksFreq                      0x08001e28   Section        0  stm32f10x_rcc.o(i.RCC_GetClocksFreq)
    i.SVC_Handler                            0x08001efc   Section        0  stm32f10x_it.o(i.SVC_Handler)
    i.Serial_Init                            0x08001f00   Section        0  serial.o(i.Serial_Init)
    i.Serial_SendByte                        0x08001fc0   Section        0  serial.o(i.Serial_SendByte)
    i.Serial_SendString                      0x08001fe0   Section        0  serial.o(i.Serial_SendString)
    i.SetSysClock                            0x08002000   Section        0  system_stm32f10x.o(i.SetSysClock)
    SetSysClock                              0x08002001   Thumb Code     8  system_stm32f10x.o(i.SetSysClock)
    i.SetSysClockTo72                        0x08002008   Section        0  system_stm32f10x.o(i.SetSysClockTo72)
    SetSysClockTo72                          0x08002009   Thumb Code   214  system_stm32f10x.o(i.SetSysClockTo72)
    i.SysTick_Handler                        0x080020e8   Section        0  stm32f10x_it.o(i.SysTick_Handler)
    i.SysTick_Init                           0x080020f8   Section        0  systick.o(i.SysTick_Init)
    i.SystemInit                             0x08002158   Section        0  system_stm32f10x.o(i.SystemInit)
    i.Task_ADC_Process                       0x080021b8   Section        0  task.o(i.Task_ADC_Process)
    i.Task_CLI_Process                       0x08002284   Section        0  task.o(i.Task_CLI_Process)
    i.Task_Run                               0x0800228c   Section        0  task.o(i.Task_Run)
    i.USART1_IRQHandler                      0x080022a8   Section        0  serial.o(i.USART1_IRQHandler)
    i.USART_Cmd                              0x08002330   Section        0  stm32f10x_usart.o(i.USART_Cmd)
    i.USART_GetFlagStatus                    0x08002348   Section        0  stm32f10x_usart.o(i.USART_GetFlagStatus)
    i.USART_GetITStatus                      0x08002362   Section        0  stm32f10x_usart.o(i.USART_GetITStatus)
    i.USART_ITConfig                         0x080023b6   Section        0  stm32f10x_usart.o(i.USART_ITConfig)
    i.USART_Init                             0x08002400   Section        0  stm32f10x_usart.o(i.USART_Init)
    i.USART_ReceiveData                      0x080024d8   Section        0  stm32f10x_usart.o(i.USART_ReceiveData)
    i.USART_SendData                         0x080024e2   Section        0  stm32f10x_usart.o(i.USART_SendData)
    i.UsageFault_Handler                     0x080024ea   Section        0  stm32f10x_it.o(i.UsageFault_Handler)
    i.__0printf                              0x080024f0   Section        0  printfa.o(i.__0printf)
    i.__0sprintf                             0x08002510   Section        0  printfa.o(i.__0sprintf)
    i.__scatterload_copy                     0x08002538   Section       14  handlers.o(i.__scatterload_copy)
    i.__scatterload_null                     0x08002546   Section        2  handlers.o(i.__scatterload_null)
    i.__scatterload_zeroinit                 0x08002548   Section       14  handlers.o(i.__scatterload_zeroinit)
    i._fp_digits                             0x08002558   Section        0  printfa.o(i._fp_digits)
    _fp_digits                               0x08002559   Thumb Code   366  printfa.o(i._fp_digits)
    i._is_digit                              0x080026dc   Section        0  scanf_fp.o(i._is_digit)
    i._printf_core                           0x080026ec   Section        0  printfa.o(i._printf_core)
    _printf_core                             0x080026ed   Thumb Code  1744  printfa.o(i._printf_core)
    i._printf_post_padding                   0x08002dc8   Section        0  printfa.o(i._printf_post_padding)
    _printf_post_padding                     0x08002dc9   Thumb Code    36  printfa.o(i._printf_post_padding)
    i._printf_pre_padding                    0x08002dec   Section        0  printfa.o(i._printf_pre_padding)
    _printf_pre_padding                      0x08002ded   Thumb Code    46  printfa.o(i._printf_pre_padding)
    i._sputc                                 0x08002e1a   Section        0  printfa.o(i._sputc)
    _sputc                                   0x08002e1b   Thumb Code    10  printfa.o(i._sputc)
    i.fputc                                  0x08002e24   Section        0  serial.o(i.fputc)
    i.low_pass_filter                        0x08002e34   Section        0  filter.o(i.low_pass_filter)
    i.main                                   0x08002e90   Section        0  main.o(i.main)
    .constdata                               0x08002ec0   Section       64  ctype_c.o(.constdata)
    .conststring                             0x08002f00   Section       75  cli.o(.conststring)
    .data                                    0x20000000   Section       20  system_stm32f10x.o(.data)
    .data                                    0x20000014   Section       20  stm32f10x_rcc.o(.data)
    APBAHBPrescTable                         0x20000014   Data          16  stm32f10x_rcc.o(.data)
    ADCPrescTable                            0x20000024   Data           4  stm32f10x_rcc.o(.data)
    .data                                    0x20000028   Section       72  cli.o(.data)
    .data                                    0x20000070   Section       20  task.o(.data)
    last_tick                                0x20000080   Data           4  task.o(.data)
    .data                                    0x20000084   Section        8  filter.o(.data)
    g_alpha                                  0x20000084   Data           4  filter.o(.data)
    index                                    0x20000088   Data           1  filter.o(.data)
    last_value                               0x2000008a   Data           2  filter.o(.data)
    .data                                    0x2000008c   Section        4  serial.o(.data)
    .data                                    0x20000090   Section        4  adc.o(.data)
    .data                                    0x20000094   Section        4  systick.o(.data)
    .data                                    0x20000098   Section        4  stdout.o(.data)
    .bss                                     0x2000009c   Section       64  serial.o(.bss)
    .bss                                     0x200000dc   Section      200  adc.o(.bss)
    STACK                                    0x200001a8   Section     1024  startup_stm32f10x_md.o(STACK)

    Global Symbols

    Symbol Name                              Value     Ov Type        Size  Object(Section)

    BuildAttributes$$THM_ISAv4$P$D$K$B$S$PE$A:L22UL41UL21$X:L11$S22US41US21$IEEE1$IW$USESV6$~STKCKD$USESV7$~SHL$OTIME$ROPI$EBA8$MICROLIB$REQ8$PRES8$EABIv2 0x00000000   Number         0  anon$$obj.o ABSOLUTE
    __ARM_use_no_argv                        0x00000000   Number         0  main.o ABSOLUTE
    _printf_a                                0x00000000   Number         0  stubs.o ABSOLUTE
    _printf_c                                0x00000000   Number         0  stubs.o ABSOLUTE
    _printf_charcount                        0x00000000   Number         0  stubs.o ABSOLUTE
    _printf_d                                0x00000000   Number         0  stubs.o ABSOLUTE
    _printf_e                                0x00000000   Number         0  stubs.o ABSOLUTE
    _printf_f                                0x00000000   Number         0  stubs.o ABSOLUTE
    _printf_flags                            0x00000000   Number         0  stubs.o ABSOLUTE
    _printf_fp_dec                           0x00000000   Number         0  stubs.o ABSOLUTE
    _printf_fp_hex                           0x00000000   Number         0  stubs.o ABSOLUTE
    _printf_g                                0x00000000   Number         0  stubs.o ABSOLUTE
    _printf_i                                0x00000000   Number         0  stubs.o ABSOLUTE
    _printf_int_dec                          0x00000000   Number         0  stubs.o ABSOLUTE
    _printf_l                                0x00000000   Number         0  stubs.o ABSOLUTE
    _printf_lc                               0x00000000   Number         0  stubs.o ABSOLUTE
    _printf_ll                               0x00000000   Number         0  stubs.o ABSOLUTE
    _printf_lld                              0x00000000   Number         0  stubs.o ABSOLUTE
    _printf_lli                              0x00000000   Number         0  stubs.o ABSOLUTE
    _printf_llo                              0x00000000   Number         0  stubs.o ABSOLUTE
    _printf_llu                              0x00000000   Number         0  stubs.o ABSOLUTE
    _printf_llx                              0x00000000   Number         0  stubs.o ABSOLUTE
    _printf_longlong_dec                     0x00000000   Number         0  stubs.o ABSOLUTE
    _printf_longlong_hex                     0x00000000   Number         0  stubs.o ABSOLUTE
    _printf_longlong_oct                     0x00000000   Number         0  stubs.o ABSOLUTE
    _printf_ls                               0x00000000   Number         0  stubs.o ABSOLUTE
    _printf_mbtowc                           0x00000000   Number         0  stubs.o ABSOLUTE
    _printf_n                                0x00000000   Number         0  stubs.o ABSOLUTE
    _printf_o                                0x00000000   Number         0  stubs.o ABSOLUTE
    _printf_p                                0x00000000   Number         0  stubs.o ABSOLUTE
    _printf_percent                          0x00000000   Number         0  stubs.o ABSOLUTE
    _printf_pre_padding                      0x00000000   Number         0  stubs.o ABSOLUTE
    _printf_return_value                     0x00000000   Number         0  stubs.o ABSOLUTE
    _printf_s                                0x00000000   Number         0  stubs.o ABSOLUTE
    _printf_sizespec                         0x00000000   Number         0  stubs.o ABSOLUTE
    _printf_str                              0x00000000   Number         0  stubs.o ABSOLUTE
    _printf_truncate_signed                  0x00000000   Number         0  stubs.o ABSOLUTE
    _printf_truncate_unsigned                0x00000000   Number         0  stubs.o ABSOLUTE
    _printf_u                                0x00000000   Number         0  stubs.o ABSOLUTE
    _printf_wc                               0x00000000   Number         0  stubs.o ABSOLUTE
    _printf_wctomb                           0x00000000   Number         0  stubs.o ABSOLUTE
    _printf_widthprec                        0x00000000   Number         0  stubs.o ABSOLUTE
    _printf_x                                0x00000000   Number         0  stubs.o ABSOLUTE
    __cpp_initialize__aeabi_                  - Undefined Weak Reference
    __cxa_finalize                            - Undefined Weak Reference
    __decompress                              - Undefined Weak Reference
    _clock_init                               - Undefined Weak Reference
    _microlib_exit                            - Undefined Weak Reference
    _scanf_int                                - Undefined Weak Reference
    _scanf_longlong                           - Undefined Weak Reference
    _scanf_string                             - Undefined Weak Reference
    __Vectors_Size                           0x000000ec   Number         0  startup_stm32f10x_md.o ABSOLUTE
    __Vectors                                0x08000000   Data           4  startup_stm32f10x_md.o(RESET)
    __Vectors_End                            0x080000ec   Data           0  startup_stm32f10x_md.o(RESET)
    __main                                   0x080000ed   Thumb Code     0  entry.o(.ARM.Collect$$$$00000000)
    _main_stk                                0x080000ed   Thumb Code     0  entry2.o(.ARM.Collect$$$$00000001)
    _main_scatterload                        0x080000f1   Thumb Code     0  entry5.o(.ARM.Collect$$$$00000004)
    __main_after_scatterload                 0x080000f5   Thumb Code     0  entry5.o(.ARM.Collect$$$$00000004)
    _main_clock                              0x080000f5   Thumb Code     0  entry7b.o(.ARM.Collect$$$$00000008)
    _main_cpp_init                           0x080000f5   Thumb Code     0  entry8b.o(.ARM.Collect$$$$0000000A)
    _main_init                               0x080000f5   Thumb Code     0  entry9a.o(.ARM.Collect$$$$0000000B)
    __rt_final_cpp                           0x080000fd   Thumb Code     0  entry10a.o(.ARM.Collect$$$$0000000D)
    __rt_final_exit                          0x080000fd   Thumb Code     0  entry11a.o(.ARM.Collect$$$$0000000F)
    Reset_Handler                            0x08000101   Thumb Code     8  startup_stm32f10x_md.o(.text)
    ADC1_2_IRQHandler                        0x0800011b   Thumb Code     0  startup_stm32f10x_md.o(.text)
    CAN1_RX1_IRQHandler                      0x0800011b   Thumb Code     0  startup_stm32f10x_md.o(.text)
    CAN1_SCE_IRQHandler                      0x0800011b   Thumb Code     0  startup_stm32f10x_md.o(.text)
    DMA1_Channel2_IRQHandler                 0x0800011b   Thumb Code     0  startup_stm32f10x_md.o(.text)
    DMA1_Channel3_IRQHandler                 0x0800011b   Thumb Code     0  startup_stm32f10x_md.o(.text)
    DMA1_Channel4_IRQHandler                 0x0800011b   Thumb Code     0  startup_stm32f10x_md.o(.text)
    DMA1_Channel5_IRQHandler                 0x0800011b   Thumb Code     0  startup_stm32f10x_md.o(.text)
    DMA1_Channel6_IRQHandler                 0x0800011b   Thumb Code     0  startup_stm32f10x_md.o(.text)
    DMA1_Channel7_IRQHandler                 0x0800011b   Thumb Code     0  startup_stm32f10x_md.o(.text)
    EXTI0_IRQHandler                         0x0800011b   Thumb Code     0  startup_stm32f10x_md.o(.text)
    EXTI15_10_IRQHandler                     0x0800011b   Thumb Code     0  startup_stm32f10x_md.o(.text)
    EXTI1_IRQHandler                         0x0800011b   Thumb Code     0  startup_stm32f10x_md.o(.text)
    EXTI2_IRQHandler                         0x0800011b   Thumb Code     0  startup_stm32f10x_md.o(.text)
    EXTI3_IRQHandler                         0x0800011b   Thumb Code     0  startup_stm32f10x_md.o(.text)
    EXTI4_IRQHandler                         0x0800011b   Thumb Code     0  startup_stm32f10x_md.o(.text)
    EXTI9_5_IRQHandler                       0x0800011b   Thumb Code     0  startup_stm32f10x_md.o(.text)
    FLASH_IRQHandler                         0x0800011b   Thumb Code     0  startup_stm32f10x_md.o(.text)
    I2C1_ER_IRQHandler                       0x0800011b   Thumb Code     0  startup_stm32f10x_md.o(.text)
    I2C1_EV_IRQHandler                       0x0800011b   Thumb Code     0  startup_stm32f10x_md.o(.text)
    I2C2_ER_IRQHandler                       0x0800011b   Thumb Code     0  startup_stm32f10x_md.o(.text)
    I2C2_EV_IRQHandler                       0x0800011b   Thumb Code     0  startup_stm32f10x_md.o(.text)
    PVD_IRQHandler                           0x0800011b   Thumb Code     0  startup_stm32f10x_md.o(.text)
    RCC_IRQHandler                           0x0800011b   Thumb Code     0  startup_stm32f10x_md.o(.text)
    RTCAlarm_IRQHandler                      0x0800011b   Thumb Code     0  startup_stm32f10x_md.o(.text)
    RTC_IRQHandler                           0x0800011b   Thumb Code     0  startup_stm32f10x_md.o(.text)
    SPI1_IRQHandler                          0x0800011b   Thumb Code     0  startup_stm32f10x_md.o(.text)
    SPI2_IRQHandler                          0x0800011b   Thumb Code     0  startup_stm32f10x_md.o(.text)
    TAMPER_IRQHandler                        0x0800011b   Thumb Code     0  startup_stm32f10x_md.o(.text)
    TIM1_BRK_IRQHandler                      0x0800011b   Thumb Code     0  startup_stm32f10x_md.o(.text)
    TIM1_CC_IRQHandler                       0x0800011b   Thumb Code     0  startup_stm32f10x_md.o(.text)
    TIM1_TRG_COM_IRQHandler                  0x0800011b   Thumb Code     0  startup_stm32f10x_md.o(.text)
    TIM1_UP_IRQHandler                       0x0800011b   Thumb Code     0  startup_stm32f10x_md.o(.text)
    TIM2_IRQHandler                          0x0800011b   Thumb Code     0  startup_stm32f10x_md.o(.text)
    TIM3_IRQHandler                          0x0800011b   Thumb Code     0  startup_stm32f10x_md.o(.text)
    TIM4_IRQHandler                          0x0800011b   Thumb Code     0  startup_stm32f10x_md.o(.text)
    USART2_IRQHandler                        0x0800011b   Thumb Code     0  startup_stm32f10x_md.o(.text)
    USART3_IRQHandler                        0x0800011b   Thumb Code     0  startup_stm32f10x_md.o(.text)
    USBWakeUp_IRQHandler                     0x0800011b   Thumb Code     0  startup_stm32f10x_md.o(.text)
    USB_HP_CAN1_TX_IRQHandler                0x0800011b   Thumb Code     0  startup_stm32f10x_md.o(.text)
    USB_LP_CAN1_RX0_IRQHandler               0x0800011b   Thumb Code     0  startup_stm32f10x_md.o(.text)
    WWDG_IRQHandler                          0x0800011b   Thumb Code     0  startup_stm32f10x_md.o(.text)
    __aeabi_memset                           0x08000125   Thumb Code    14  memseta.o(.text)
    __aeabi_memset4                          0x08000125   Thumb Code     0  memseta.o(.text)
    __aeabi_memset8                          0x08000125   Thumb Code     0  memseta.o(.text)
    __aeabi_memclr                           0x08000133   Thumb Code     4  memseta.o(.text)
    __aeabi_memclr4                          0x08000133   Thumb Code     0  memseta.o(.text)
    __aeabi_memclr8                          0x08000133   Thumb Code     0  memseta.o(.text)
    _memset$wrapper                          0x08000137   Thumb Code    18  memseta.o(.text)
    strcmp                                   0x08000149   Thumb Code    28  strcmp.o(.text)
    strncmp                                  0x08000165   Thumb Code    30  strncmp.o(.text)
    __0sscanf                                0x08000185   Thumb Code    48  __0sscanf.o(.text)
    _scanf_real                              0x080002e5   Thumb Code     0  scanf_fp.o(.text)
    _scanf_really_real                       0x080002e5   Thumb Code   556  scanf_fp.o(.text)
    __aeabi_fadd                             0x0800051d   Thumb Code   164  fadd.o(.text)
    __aeabi_fsub                             0x080005c1   Thumb Code     6  fadd.o(.text)
    __aeabi_frsub                            0x080005c7   Thumb Code     6  fadd.o(.text)
    __aeabi_fmul                             0x080005cd   Thumb Code   100  fmul.o(.text)
    __aeabi_ui2f                             0x08000631   Thumb Code    10  ffltui.o(.text)
    __aeabi_f2uiz                            0x0800063b   Thumb Code    40  ffixui.o(.text)
    __aeabi_f2d                              0x08000663   Thumb Code    38  f2d.o(.text)
    __aeabi_cfcmpeq                          0x08000689   Thumb Code     0  cfcmple.o(.text)
    __aeabi_cfcmple                          0x08000689   Thumb Code    20  cfcmple.o(.text)
    __aeabi_cfrcmple                         0x0800069d   Thumb Code    20  cfrcmple.o(.text)
    __aeabi_uidiv                            0x080006b1   Thumb Code     0  uidiv.o(.text)
    __aeabi_uidivmod                         0x080006b1   Thumb Code    44  uidiv.o(.text)
    __aeabi_uldivmod                         0x080006dd   Thumb Code    98  uldiv.o(.text)
    __vfscanf_char                           0x0800074d   Thumb Code    20  scanf_char.o(.text)
    _sgetc                                   0x08000769   Thumb Code    30  _sgetc.o(.text)
    _sbackspace                              0x08000787   Thumb Code    34  _sgetc.o(.text)
    __I$use$fp                               0x080007a9   Thumb Code     0  iusefp.o(.text)
    _float_round                             0x080007a9   Thumb Code    18  fepilogue.o(.text)
    _float_epilogue                          0x080007bb   Thumb Code    92  fepilogue.o(.text)
    __aeabi_dadd                             0x08000817   Thumb Code   322  dadd.o(.text)
    __aeabi_dsub                             0x08000959   Thumb Code     6  dadd.o(.text)
    __aeabi_drsub                            0x0800095f   Thumb Code     6  dadd.o(.text)
    __aeabi_dmul                             0x08000965   Thumb Code   228  dmul.o(.text)
    __aeabi_ddiv                             0x08000a49   Thumb Code   222  ddiv.o(.text)
    __aeabi_ul2d                             0x08000b27   Thumb Code    24  dfltul.o(.text)
    __aeabi_d2ulz                            0x08000b3f   Thumb Code    48  dfixul.o(.text)
    __aeabi_cdrcmple                         0x08000b71   Thumb Code    48  cdrcmple.o(.text)
    __aeabi_d2f                              0x08000ba1   Thumb Code    56  d2f.o(.text)
    __scatterload                            0x08000bd9   Thumb Code    28  init.o(.text)
    __scatterload_rt2                        0x08000bd9   Thumb Code     0  init.o(.text)
    __aeabi_llsl                             0x08000bfd   Thumb Code    30  llshl.o(.text)
    _ll_shift_l                              0x08000bfd   Thumb Code     0  llshl.o(.text)
    __aeabi_llsr                             0x08000c1b   Thumb Code    32  llushr.o(.text)
    _ll_ushift_r                             0x08000c1b   Thumb Code     0  llushr.o(.text)
    __aeabi_lasr                             0x08000c3b   Thumb Code    36  llsshr.o(.text)
    _ll_sshift_r                             0x08000c3b   Thumb Code     0  llsshr.o(.text)
    isspace                                  0x08000c5f   Thumb Code    10  isspace_c.o(.text)
    __vfscanf                                0x08000c69   Thumb Code   808  _scanf.o(.text)
    _double_round                            0x08000f95   Thumb Code    30  depilogue.o(.text)
    _double_epilogue                         0x08000fb3   Thumb Code   156  depilogue.o(.text)
    __ctype_lookup                           0x08001051   Thumb Code    34  ctype_c.o(.text)
    ADC1_Init                                0x08001079   Thumb Code   148  adc.o(i.ADC1_Init)
    ADC_Cmd                                  0x08001115   Thumb Code    22  stm32f10x_adc.o(i.ADC_Cmd)
    ADC_DMACmd                               0x0800112b   Thumb Code    22  stm32f10x_adc.o(i.ADC_DMACmd)
    ADC_GetCalibrationStatus                 0x08001141   Thumb Code    20  stm32f10x_adc.o(i.ADC_GetCalibrationStatus)
    ADC_GetResetCalibrationStatus            0x08001155   Thumb Code    20  stm32f10x_adc.o(i.ADC_GetResetCalibrationStatus)
    ADC_Init                                 0x08001169   Thumb Code    70  stm32f10x_adc.o(i.ADC_Init)
    ADC_RegularChannelConfig                 0x080011b9   Thumb Code   184  stm32f10x_adc.o(i.ADC_RegularChannelConfig)
    ADC_ResetCalibration                     0x08001271   Thumb Code    10  stm32f10x_adc.o(i.ADC_ResetCalibration)
    ADC_SoftwareStartConvCmd                 0x0800127b   Thumb Code    22  stm32f10x_adc.o(i.ADC_SoftwareStartConvCmd)
    ADC_StartCalibration                     0x08001291   Thumb Code    10  stm32f10x_adc.o(i.ADC_StartCalibration)
    BusFault_Handler                         0x0800129b   Thumb Code     4  stm32f10x_it.o(i.BusFault_Handler)
    CLI_Process                              0x08001595   Thumb Code   200  cli.o(i.CLI_Process)
    DHT11_Read                               0x08001759   Thumb Code   230  dht11.o(i.DHT11_Read)
    DMA1_Channel1_IRQHandler                 0x080018b5   Thumb Code    52  adc.o(i.DMA1_Channel1_IRQHandler)
    DMA_ClearITPendingBit                    0x080018f1   Thumb Code    18  stm32f10x_dma.o(i.DMA_ClearITPendingBit)
    DMA_Cmd                                  0x0800190d   Thumb Code    24  stm32f10x_dma.o(i.DMA_Cmd)
    DMA_DeInit                               0x08001925   Thumb Code   324  stm32f10x_dma.o(i.DMA_DeInit)
    DMA_GetITStatus                          0x08001a71   Thumb Code    36  stm32f10x_dma.o(i.DMA_GetITStatus)
    DMA_ITConfig                             0x08001a9d   Thumb Code    18  stm32f10x_dma.o(i.DMA_ITConfig)
    DMA_Init                                 0x08001aaf   Thumb Code    60  stm32f10x_dma.o(i.DMA_Init)
    DMA_NVIC_Init                            0x08001aeb   Thumb Code    30  adc.o(i.DMA_NVIC_Init)
    DebugMon_Handler                         0x08001b09   Thumb Code     2  stm32f10x_it.o(i.DebugMon_Handler)
    Delay_ms                                 0x08001b0b   Thumb Code    24  delay.o(i.Delay_ms)
    Delay_us                                 0x08001b23   Thumb Code    46  delay.o(i.Delay_us)
    Filter_GetAlpha                          0x08001b51   Thumb Code     6  filter.o(i.Filter_GetAlpha)
    Filter_SetAlpha                          0x08001b5d   Thumb Code    38  filter.o(i.Filter_SetAlpha)
    GPIO_Init                                0x08001b91   Thumb Code   278  stm32f10x_gpio.o(i.GPIO_Init)
    GPIO_ReadInputDataBit                    0x08001ca7   Thumb Code    18  stm32f10x_gpio.o(i.GPIO_ReadInputDataBit)
    GPIO_ResetBits                           0x08001cb9   Thumb Code     4  stm32f10x_gpio.o(i.GPIO_ResetBits)
    GPIO_SetBits                             0x08001cbd   Thumb Code     4  stm32f10x_gpio.o(i.GPIO_SetBits)
    HardFault_Handler                        0x08001cc1   Thumb Code     4  stm32f10x_it.o(i.HardFault_Handler)
    LED1_OFF                                 0x08001cc5   Thumb Code    12  led.o(i.LED1_OFF)
    LED1_ON                                  0x08001cd5   Thumb Code    12  led.o(i.LED1_ON)
    MY_DMA_Init                              0x08001ce5   Thumb Code   102  adc.o(i.MY_DMA_Init)
    MemManage_Handler                        0x08001d59   Thumb Code     4  stm32f10x_it.o(i.MemManage_Handler)
    NMI_Handler                              0x08001d5d   Thumb Code     2  stm32f10x_it.o(i.NMI_Handler)
    NVIC_Init                                0x08001d61   Thumb Code   100  misc.o(i.NVIC_Init)
    NVIC_PriorityGroupConfig                 0x08001dd1   Thumb Code    10  misc.o(i.NVIC_PriorityGroupConfig)
    PendSV_Handler                           0x08001de5   Thumb Code     2  stm32f10x_it.o(i.PendSV_Handler)
    RCC_AHBPeriphClockCmd                    0x08001de9   Thumb Code    26  stm32f10x_rcc.o(i.RCC_AHBPeriphClockCmd)
    RCC_APB2PeriphClockCmd                   0x08001e09   Thumb Code    26  stm32f10x_rcc.o(i.RCC_APB2PeriphClockCmd)
    RCC_GetClocksFreq                        0x08001e29   Thumb Code   192  stm32f10x_rcc.o(i.RCC_GetClocksFreq)
    SVC_Handler                              0x08001efd   Thumb Code     2  stm32f10x_it.o(i.SVC_Handler)
    Serial_Init                              0x08001f01   Thumb Code   182  serial.o(i.Serial_Init)
    Serial_SendByte                          0x08001fc1   Thumb Code    28  serial.o(i.Serial_SendByte)
    Serial_SendString                        0x08001fe1   Thumb Code    32  serial.o(i.Serial_SendString)
    SysTick_Handler                          0x080020e9   Thumb Code    12  stm32f10x_it.o(i.SysTick_Handler)
    SysTick_Init                             0x080020f9   Thumb Code    84  systick.o(i.SysTick_Init)
    SystemInit                               0x08002159   Thumb Code    78  system_stm32f10x.o(i.SystemInit)
    Task_ADC_Process                         0x080021b9   Thumb Code   172  task.o(i.Task_ADC_Process)
    Task_CLI_Process                         0x08002285   Thumb Code     8  task.o(i.Task_CLI_Process)
    Task_Run                                 0x0800228d   Thumb Code    24  task.o(i.Task_Run)
    USART1_IRQHandler                        0x080022a9   Thumb Code   118  serial.o(i.USART1_IRQHandler)
    USART_Cmd                                0x08002331   Thumb Code    24  stm32f10x_usart.o(i.USART_Cmd)
    USART_GetFlagStatus                      0x08002349   Thumb Code    26  stm32f10x_usart.o(i.USART_GetFlagStatus)
    USART_GetITStatus                        0x08002363   Thumb Code    84  stm32f10x_usart.o(i.USART_GetITStatus)
    USART_ITConfig                           0x080023b7   Thumb Code    74  stm32f10x_usart.o(i.USART_ITConfig)
    USART_Init                               0x08002401   Thumb Code   210  stm32f10x_usart.o(i.USART_Init)
    USART_ReceiveData                        0x080024d9   Thumb Code    10  stm32f10x_usart.o(i.USART_ReceiveData)
    USART_SendData                           0x080024e3   Thumb Code     8  stm32f10x_usart.o(i.USART_SendData)
    UsageFault_Handler                       0x080024eb   Thumb Code     4  stm32f10x_it.o(i.UsageFault_Handler)
    __0printf                                0x080024f1   Thumb Code    22  printfa.o(i.__0printf)
    __1printf                                0x080024f1   Thumb Code     0  printfa.o(i.__0printf)
    __2printf                                0x080024f1   Thumb Code     0  printfa.o(i.__0printf)
    __c89printf                              0x080024f1   Thumb Code     0  printfa.o(i.__0printf)
    printf                                   0x080024f1   Thumb Code     0  printfa.o(i.__0printf)
    __0sprintf                               0x08002511   Thumb Code    34  printfa.o(i.__0sprintf)
    __1sprintf                               0x08002511   Thumb Code     0  printfa.o(i.__0sprintf)
    __2sprintf                               0x08002511   Thumb Code     0  printfa.o(i.__0sprintf)
    __c89sprintf                             0x08002511   Thumb Code     0  printfa.o(i.__0sprintf)
    sprintf                                  0x08002511   Thumb Code     0  printfa.o(i.__0sprintf)
    __scatterload_copy                       0x08002539   Thumb Code    14  handlers.o(i.__scatterload_copy)
    __scatterload_null                       0x08002547   Thumb Code     2  handlers.o(i.__scatterload_null)
    __scatterload_zeroinit                   0x08002549   Thumb Code    14  handlers.o(i.__scatterload_zeroinit)
    _is_digit                                0x080026dd   Thumb Code    14  scanf_fp.o(i._is_digit)
    fputc                                    0x08002e25   Thumb Code    16  serial.o(i.fputc)
    low_pass_filter                          0x08002e35   Thumb Code    82  filter.o(i.low_pass_filter)
    main                                     0x08002e91   Thumb Code    34  main.o(i.main)
    __ctype_categories                       0x08002ec0   Data          64  ctype_c.o(.constdata)
    Region$$Table$$Base                      0x08002f4c   Number         0  anon$$obj.o(Region$$Table)
    Region$$Table$$Limit                     0x08002f6c   Number         0  anon$$obj.o(Region$$Table)
    SystemCoreClock                          0x20000000   Data           4  system_stm32f10x.o(.data)
    AHBPrescTable                            0x20000004   Data          16  system_stm32f10x.o(.data)
    cmd_table                                0x20000028   Data          72  cli.o(.data)
    task_data                                0x20000070   Data          16  task.o(.data)
    Serial_RxData                            0x2000008c   Data           1  serial.o(.data)
    Serial_RxFlag                            0x2000008d   Data           1  serial.o(.data)
    rx_index                                 0x2000008e   Data           1  serial.o(.data)
    cmd_flag                                 0x2000008f   Data           1  serial.o(.data)
    dma_half_flag                            0x20000090   Data           2  adc.o(.data)
    dma_full_flag                            0x20000092   Data           2  adc.o(.data)
    sys_tick                                 0x20000094   Data           4  systick.o(.data)
    __stdout                                 0x20000098   Data           4  stdout.o(.data)
    rx_buffer                                0x2000009c   Data          64  serial.o(.bss)
    adc_buffer                               0x200000dc   Data         200  adc.o(.bss)
    __initial_sp                             0x200005a8   Data           0  startup_stm32f10x_md.o(STACK)



==============================================================================

Memory Map of the image

  Image Entry point : 0x080000ed

  Load Region LR_IROM1 (Base: 0x08000000, Size: 0x00003008, Max: 0x00010000, ABSOLUTE)

    Execution Region ER_IROM1 (Exec base: 0x08000000, Load base: 0x08000000, Size: 0x00002f6c, Max: 0x00010000, ABSOLUTE)

    Exec Addr    Load Addr    Size         Type   Attr      Idx    E Section Name        Object

    0x08000000   0x08000000   0x000000ec   Data   RO            3    RESET               startup_stm32f10x_md.o
    0x080000ec   0x080000ec   0x00000000   Code   RO         3871  * .ARM.Collect$$$$00000000  mc_w.l(entry.o)
    0x080000ec   0x080000ec   0x00000004   Code   RO         4165    .ARM.Collect$$$$00000001  mc_w.l(entry2.o)
    0x080000f0   0x080000f0   0x00000004   Code   RO         4168    .ARM.Collect$$$$00000004  mc_w.l(entry5.o)
    0x080000f4   0x080000f4   0x00000000   Code   RO         4170    .ARM.Collect$$$$00000008  mc_w.l(entry7b.o)
    0x080000f4   0x080000f4   0x00000000   Code   RO         4172    .ARM.Collect$$$$0000000A  mc_w.l(entry8b.o)
    0x080000f4   0x080000f4   0x00000008   Code   RO         4173    .ARM.Collect$$$$0000000B  mc_w.l(entry9a.o)
    0x080000fc   0x080000fc   0x00000000   Code   RO         4175    .ARM.Collect$$$$0000000D  mc_w.l(entry10a.o)
    0x080000fc   0x080000fc   0x00000000   Code   RO         4177    .ARM.Collect$$$$0000000F  mc_w.l(entry11a.o)
    0x080000fc   0x080000fc   0x00000004   Code   RO         4166    .ARM.Collect$$$$00002712  mc_w.l(entry2.o)
    0x08000100   0x08000100   0x00000024   Code   RO            4    .text               startup_stm32f10x_md.o
    0x08000124   0x08000124   0x00000024   Code   RO         3876    .text               mc_w.l(memseta.o)
    0x08000148   0x08000148   0x0000001c   Code   RO         3878    .text               mc_w.l(strcmp.o)
    0x08000164   0x08000164   0x0000001e   Code   RO         3880    .text               mc_w.l(strncmp.o)
    0x08000182   0x08000182   0x00000002   PAD
    0x08000184   0x08000184   0x00000038   Code   RO         4145    .text               mc_w.l(__0sscanf.o)
    0x080001bc   0x080001bc   0x00000360   Code   RO         4147    .text               mc_w.l(scanf_fp.o)
    0x0800051c   0x0800051c   0x000000b0   Code   RO         4151    .text               mf_w.l(fadd.o)
    0x080005cc   0x080005cc   0x00000064   Code   RO         4153    .text               mf_w.l(fmul.o)
    0x08000630   0x08000630   0x0000000a   Code   RO         4155    .text               mf_w.l(ffltui.o)
    0x0800063a   0x0800063a   0x00000028   Code   RO         4157    .text               mf_w.l(ffixui.o)
    0x08000662   0x08000662   0x00000026   Code   RO         4159    .text               mf_w.l(f2d.o)
    0x08000688   0x08000688   0x00000014   Code   RO         4161    .text               mf_w.l(cfcmple.o)
    0x0800069c   0x0800069c   0x00000014   Code   RO         4163    .text               mf_w.l(cfrcmple.o)
    0x080006b0   0x080006b0   0x0000002c   Code   RO         4180    .text               mc_w.l(uidiv.o)
    0x080006dc   0x080006dc   0x00000062   Code   RO         4182    .text               mc_w.l(uldiv.o)
    0x0800073e   0x0800073e   0x00000002   PAD
    0x08000740   0x08000740   0x00000028   Code   RO         4184    .text               mc_w.l(scanf_char.o)
    0x08000768   0x08000768   0x00000040   Code   RO         4186    .text               mc_w.l(_sgetc.o)
    0x080007a8   0x080007a8   0x00000000   Code   RO         4188    .text               mc_w.l(iusefp.o)
    0x080007a8   0x080007a8   0x0000006e   Code   RO         4189    .text               mf_w.l(fepilogue.o)
    0x08000816   0x08000816   0x0000014e   Code   RO         4191    .text               mf_w.l(dadd.o)
    0x08000964   0x08000964   0x000000e4   Code   RO         4193    .text               mf_w.l(dmul.o)
    0x08000a48   0x08000a48   0x000000de   Code   RO         4195    .text               mf_w.l(ddiv.o)
    0x08000b26   0x08000b26   0x00000018   Code   RO         4197    .text               mf_w.l(dfltul.o)
    0x08000b3e   0x08000b3e   0x00000030   Code   RO         4199    .text               mf_w.l(dfixul.o)
    0x08000b6e   0x08000b6e   0x00000002   PAD
    0x08000b70   0x08000b70   0x00000030   Code   RO         4201    .text               mf_w.l(cdrcmple.o)
    0x08000ba0   0x08000ba0   0x00000038   Code   RO         4203    .text               mf_w.l(d2f.o)
    0x08000bd8   0x08000bd8   0x00000024   Code   RO         4205    .text               mc_w.l(init.o)
    0x08000bfc   0x08000bfc   0x0000001e   Code   RO         4207    .text               mc_w.l(llshl.o)
    0x08000c1a   0x08000c1a   0x00000020   Code   RO         4209    .text               mc_w.l(llushr.o)
    0x08000c3a   0x08000c3a   0x00000024   Code   RO         4211    .text               mc_w.l(llsshr.o)
    0x08000c5e   0x08000c5e   0x0000000a   Code   RO         4213    .text               mc_w.l(isspace_c.o)
    0x08000c68   0x08000c68   0x0000032c   Code   RO         4215    .text               mc_w.l(_scanf.o)
    0x08000f94   0x08000f94   0x000000ba   Code   RO         4217    .text               mf_w.l(depilogue.o)
    0x0800104e   0x0800104e   0x00000002   PAD
    0x08001050   0x08001050   0x00000028   Code   RO         4219    .text               mc_w.l(ctype_c.o)
    0x08001078   0x08001078   0x0000009c   Code   RO         3735    i.ADC1_Init         adc.o
    0x08001114   0x08001114   0x00000016   Code   RO          202    i.ADC_Cmd           stm32f10x_adc.o
    0x0800112a   0x0800112a   0x00000016   Code   RO          203    i.ADC_DMACmd        stm32f10x_adc.o
    0x08001140   0x08001140   0x00000014   Code   RO          210    i.ADC_GetCalibrationStatus  stm32f10x_adc.o
    0x08001154   0x08001154   0x00000014   Code   RO          216    i.ADC_GetResetCalibrationStatus  stm32f10x_adc.o
    0x08001168   0x08001168   0x00000050   Code   RO          220    i.ADC_Init          stm32f10x_adc.o
    0x080011b8   0x080011b8   0x000000b8   Code   RO          224    i.ADC_RegularChannelConfig  stm32f10x_adc.o
    0x08001270   0x08001270   0x0000000a   Code   RO          225    i.ADC_ResetCalibration  stm32f10x_adc.o
    0x0800127a   0x0800127a   0x00000016   Code   RO          227    i.ADC_SoftwareStartConvCmd  stm32f10x_adc.o
    0x08001290   0x08001290   0x0000000a   Code   RO          229    i.ADC_StartCalibration  stm32f10x_adc.o
    0x0800129a   0x0800129a   0x00000004   Code   RO         3807    i.BusFault_Handler  stm32f10x_it.o
    0x0800129e   0x0800129e   0x00000002   PAD
    0x080012a0   0x080012a0   0x00000030   Code   RO         3220    i.CLI_AdcOff        cli.o
    0x080012d0   0x080012d0   0x0000002c   Code   RO         3221    i.CLI_AdcOn         cli.o
    0x080012fc   0x080012fc   0x00000058   Code   RO         3222    i.CLI_DHT           cli.o
    0x08001354   0x08001354   0x00000028   Code   RO         3223    i.CLI_FilterOff     cli.o
    0x0800137c   0x0800137c   0x00000028   Code   RO         3224    i.CLI_FilterOn      cli.o
    0x080013a4   0x080013a4   0x000001b4   Code   RO         3225    i.CLI_Help          cli.o
    0x08001558   0x08001558   0x00000020   Code   RO         3227    i.CLI_LED_OFF       cli.o
    0x08001578   0x08001578   0x0000001c   Code   RO         3228    i.CLI_LED_ON        cli.o
    0x08001594   0x08001594   0x0000013c   Code   RO         3229    i.CLI_Process       cli.o
    0x080016d0   0x080016d0   0x00000040   Code   RO         3230    i.CLI_Reboot        cli.o
    0x08001710   0x08001710   0x00000024   Code   RO         3695    i.DHT11_Mode_In     dht11.o
    0x08001734   0x08001734   0x00000024   Code   RO         3696    i.DHT11_Mode_Out    dht11.o
    0x08001758   0x08001758   0x000000ec   Code   RO         3697    i.DHT11_Read        dht11.o
    0x08001844   0x08001844   0x0000005e   Code   RO         3698    i.DHT11_Read_Byte   dht11.o
    0x080018a2   0x080018a2   0x00000002   PAD
    0x080018a4   0x080018a4   0x00000010   Code   RO         3699    i.DHT11_Read_Data   dht11.o
    0x080018b4   0x080018b4   0x0000003c   Code   RO         3736    i.DMA1_Channel1_IRQHandler  adc.o
    0x080018f0   0x080018f0   0x0000001c   Code   RO          910    i.DMA_ClearITPendingBit  stm32f10x_dma.o
    0x0800190c   0x0800190c   0x00000018   Code   RO          911    i.DMA_Cmd           stm32f10x_dma.o
    0x08001924   0x08001924   0x0000014c   Code   RO          912    i.DMA_DeInit        stm32f10x_dma.o
    0x08001a70   0x08001a70   0x0000002c   Code   RO          915    i.DMA_GetITStatus   stm32f10x_dma.o
    0x08001a9c   0x08001a9c   0x00000012   Code   RO          916    i.DMA_ITConfig      stm32f10x_dma.o
    0x08001aae   0x08001aae   0x0000003c   Code   RO          917    i.DMA_Init          stm32f10x_dma.o
    0x08001aea   0x08001aea   0x0000001e   Code   RO         3737    i.DMA_NVIC_Init     adc.o
    0x08001b08   0x08001b08   0x00000002   Code   RO         3808    i.DebugMon_Handler  stm32f10x_it.o
    0x08001b0a   0x08001b0a   0x00000018   Code   RO         3196    i.Delay_ms          delay.o
    0x08001b22   0x08001b22   0x0000002e   Code   RO         3198    i.Delay_us          delay.o
    0x08001b50   0x08001b50   0x0000000c   Code   RO         3364    i.Filter_GetAlpha   filter.o
    0x08001b5c   0x08001b5c   0x00000034   Code   RO         3367    i.Filter_SetAlpha   filter.o
    0x08001b90   0x08001b90   0x00000116   Code   RO         1347    i.GPIO_Init         stm32f10x_gpio.o
    0x08001ca6   0x08001ca6   0x00000012   Code   RO         1351    i.GPIO_ReadInputDataBit  stm32f10x_gpio.o
    0x08001cb8   0x08001cb8   0x00000004   Code   RO         1354    i.GPIO_ResetBits    stm32f10x_gpio.o
    0x08001cbc   0x08001cbc   0x00000004   Code   RO         1355    i.GPIO_SetBits      stm32f10x_gpio.o
    0x08001cc0   0x08001cc0   0x00000004   Code   RO         3809    i.HardFault_Handler  stm32f10x_it.o
    0x08001cc4   0x08001cc4   0x00000010   Code   RO         3408    i.LED1_OFF          led.o
    0x08001cd4   0x08001cd4   0x00000010   Code   RO         3409    i.LED1_ON           led.o
    0x08001ce4   0x08001ce4   0x00000074   Code   RO         3738    i.MY_DMA_Init       adc.o
    0x08001d58   0x08001d58   0x00000004   Code   RO         3810    i.MemManage_Handler  stm32f10x_it.o
    0x08001d5c   0x08001d5c   0x00000002   Code   RO         3811    i.NMI_Handler       stm32f10x_it.o
    0x08001d5e   0x08001d5e   0x00000002   PAD
    0x08001d60   0x08001d60   0x00000070   Code   RO          137    i.NVIC_Init         misc.o
    0x08001dd0   0x08001dd0   0x00000014   Code   RO          138    i.NVIC_PriorityGroupConfig  misc.o
    0x08001de4   0x08001de4   0x00000002   Code   RO         3812    i.PendSV_Handler    stm32f10x_it.o
    0x08001de6   0x08001de6   0x00000002   PAD
    0x08001de8   0x08001de8   0x00000020   Code   RO         1774    i.RCC_AHBPeriphClockCmd  stm32f10x_rcc.o
    0x08001e08   0x08001e08   0x00000020   Code   RO         1777    i.RCC_APB2PeriphClockCmd  stm32f10x_rcc.o
    0x08001e28   0x08001e28   0x000000d4   Code   RO         1785    i.RCC_GetClocksFreq  stm32f10x_rcc.o
    0x08001efc   0x08001efc   0x00000002   Code   RO         3813    i.SVC_Handler       stm32f10x_it.o
    0x08001efe   0x08001efe   0x00000002   PAD
    0x08001f00   0x08001f00   0x000000c0   Code   RO         3598    i.Serial_Init       serial.o
    0x08001fc0   0x08001fc0   0x00000020   Code   RO         3602    i.Serial_SendByte   serial.o
    0x08001fe0   0x08001fe0   0x00000020   Code   RO         3604    i.Serial_SendString  serial.o
    0x08002000   0x08002000   0x00000008   Code   RO           24    i.SetSysClock       system_stm32f10x.o
    0x08002008   0x08002008   0x000000e0   Code   RO           25    i.SetSysClockTo72   system_stm32f10x.o
    0x080020e8   0x080020e8   0x00000010   Code   RO         3814    i.SysTick_Handler   stm32f10x_it.o
    0x080020f8   0x080020f8   0x00000060   Code   RO         3772    i.SysTick_Init      systick.o
    0x08002158   0x08002158   0x00000060   Code   RO           27    i.SystemInit        system_stm32f10x.o
    0x080021b8   0x080021b8   0x000000cc   Code   RO         3318    i.Task_ADC_Process  task.o
    0x08002284   0x08002284   0x00000008   Code   RO         3319    i.Task_CLI_Process  task.o
    0x0800228c   0x0800228c   0x0000001c   Code   RO         3320    i.Task_Run          task.o
    0x080022a8   0x080022a8   0x00000088   Code   RO         3605    i.USART1_IRQHandler  serial.o
    0x08002330   0x08002330   0x00000018   Code   RO         2960    i.USART_Cmd         stm32f10x_usart.o
    0x08002348   0x08002348   0x0000001a   Code   RO         2963    i.USART_GetFlagStatus  stm32f10x_usart.o
    0x08002362   0x08002362   0x00000054   Code   RO         2964    i.USART_GetITStatus  stm32f10x_usart.o
    0x080023b6   0x080023b6   0x0000004a   Code   RO         2966    i.USART_ITConfig    stm32f10x_usart.o
    0x08002400   0x08002400   0x000000d8   Code   RO         2967    i.USART_Init        stm32f10x_usart.o
    0x080024d8   0x080024d8   0x0000000a   Code   RO         2974    i.USART_ReceiveData  stm32f10x_usart.o
    0x080024e2   0x080024e2   0x00000008   Code   RO         2977    i.USART_SendData    stm32f10x_usart.o
    0x080024ea   0x080024ea   0x00000004   Code   RO         3815    i.UsageFault_Handler  stm32f10x_it.o
    0x080024ee   0x080024ee   0x00000002   PAD
    0x080024f0   0x080024f0   0x00000020   Code   RO         4117    i.__0printf         mc_w.l(printfa.o)
    0x08002510   0x08002510   0x00000028   Code   RO         4119    i.__0sprintf        mc_w.l(printfa.o)
    0x08002538   0x08002538   0x0000000e   Code   RO         4224    i.__scatterload_copy  mc_w.l(handlers.o)
    0x08002546   0x08002546   0x00000002   Code   RO         4225    i.__scatterload_null  mc_w.l(handlers.o)
    0x08002548   0x08002548   0x0000000e   Code   RO         4226    i.__scatterload_zeroinit  mc_w.l(handlers.o)
    0x08002556   0x08002556   0x00000002   PAD
    0x08002558   0x08002558   0x00000184   Code   RO         4124    i._fp_digits        mc_w.l(printfa.o)
    0x080026dc   0x080026dc   0x0000000e   Code   RO         4149    i._is_digit         mc_w.l(scanf_fp.o)
    0x080026ea   0x080026ea   0x00000002   PAD
    0x080026ec   0x080026ec   0x000006dc   Code   RO         4125    i._printf_core      mc_w.l(printfa.o)
    0x08002dc8   0x08002dc8   0x00000024   Code   RO         4126    i._printf_post_padding  mc_w.l(printfa.o)
    0x08002dec   0x08002dec   0x0000002e   Code   RO         4127    i._printf_pre_padding  mc_w.l(printfa.o)
    0x08002e1a   0x08002e1a   0x0000000a   Code   RO         4129    i._sputc            mc_w.l(printfa.o)
    0x08002e24   0x08002e24   0x00000010   Code   RO         3606    i.fputc             serial.o
    0x08002e34   0x08002e34   0x0000005c   Code   RO         3368    i.low_pass_filter   filter.o
    0x08002e90   0x08002e90   0x00000030   Code   RO         3791    i.main              main.o
    0x08002ec0   0x08002ec0   0x00000040   Data   RO         4220    .constdata          mc_w.l(ctype_c.o)
    0x08002f00   0x08002f00   0x0000004b   Data   RO         3231    .conststring        cli.o
    0x08002f4b   0x08002f4b   0x00000001   PAD
    0x08002f4c   0x08002f4c   0x00000020   Data   RO         4222    Region$$Table       anon$$obj.o


    Execution Region RW_IRAM1 (Exec base: 0x20000000, Load base: 0x08002f6c, Size: 0x000005a8, Max: 0x00005000, ABSOLUTE)

    Exec Addr    Load Addr    Size         Type   Attr      Idx    E Section Name        Object

    0x20000000   0x08002f6c   0x00000014   Data   RW           28    .data               system_stm32f10x.o
    0x20000014   0x08002f80   0x00000014   Data   RW         1805    .data               stm32f10x_rcc.o
    0x20000028   0x08002f94   0x00000048   Data   RW         3232    .data               cli.o
    0x20000070   0x08002fdc   0x00000014   Data   RW         3321    .data               task.o
    0x20000084   0x08002ff0   0x00000008   Data   RW         3370    .data               filter.o
    0x2000008c   0x08002ff8   0x00000004   Data   RW         3608    .data               serial.o
    0x20000090   0x08002ffc   0x00000004   Data   RW         3740    .data               adc.o
    0x20000094   0x08003000   0x00000004   Data   RW         3773    .data               systick.o
    0x20000098   0x08003004   0x00000004   Data   RW         4179    .data               mc_w.l(stdout.o)
    0x2000009c        -       0x00000040   Zero   RW         3607    .bss                serial.o
    0x200000dc        -       0x000000c8   Zero   RW         3739    .bss                adc.o
    0x200001a4   0x08003008   0x00000004   PAD
    0x200001a8        -       0x00000400   Zero   RW            1    STACK               startup_stm32f10x_md.o


==============================================================================

Image component sizes


      Code (inc. data)   RO Data    RW Data    ZI Data      Debug   Object Name

       362         30          0          4        200       2826   adc.o
      1136        688         75         72          0      20977   cli.o
         0          0          0          0          0       4500   core_cm3.o
        70          0          0          0          0        954   delay.o
       418         22          0          0          0       3649   dht11.o
       156         30          0          8          0       2389   filter.o
        32          8          0          0          0        861   led.o
        48         14          0          0          0        455   main.o
       132         22          0          0          0     213839   misc.o
       408         32          0          4         64       5446   serial.o
        36          8        236          0       1024        820   startup_stm32f10x_md.o
       390         10          0          0          0      17857   stm32f10x_adc.o
       506         26          0          0          0      14779   stm32f10x_dma.o
       304          0          0          0          0      11868   stm32f10x_gpio.o
        40          4          0          0          0       3862   stm32f10x_it.o
       276         32          0         20          0      13045   stm32f10x_rcc.o
       442          6          0          0          0      12001   stm32f10x_usart.o
       328         28          0         20          0      35101   system_stm32f10x.o
        96         12          0          4          0      16249   systick.o
       240         36          0         20          0       2477   task.o

    ----------------------------------------------------------------------
      5432       1008        344        152       1292     383955   Object Totals
         0          0         32          0          0          0   (incl. Generated)
        12          0          1          0          4          0   (incl. Padding)

    ----------------------------------------------------------------------

      Code (inc. data)   RO Data    RW Data    ZI Data      Debug   Library Member Name

        56          8          0          0          0         84   __0sscanf.o
       812          4          0          0          0        112   _scanf.o
        64          0          0          0          0         84   _sgetc.o
        40          6         64          0          0         68   ctype_c.o
         0          0          0          0          0          0   entry.o
         0          0          0          0          0          0   entry10a.o
         0          0          0          0          0          0   entry11a.o
         8          4          0          0          0          0   entry2.o
         4          0          0          0          0          0   entry5.o
         0          0          0          0          0          0   entry7b.o
         0          0          0          0          0          0   entry8b.o
         8          4          0          0          0          0   entry9a.o
        30          0          0          0          0          0   handlers.o
        36          8          0          0          0         68   init.o
        10          0          0          0          0         68   isspace_c.o
         0          0          0          0          0          0   iusefp.o
        30          0          0          0          0         68   llshl.o
        36          0          0          0          0         68   llsshr.o
        32          0          0          0          0         68   llushr.o
        36          0          0          0          0        108   memseta.o
      2308         96          0          0          0        604   printfa.o
        40          8          0          0          0         84   scanf_char.o
       878         12          0          0          0        216   scanf_fp.o
         0          0          0          4          0          0   stdout.o
        28          0          0          0          0         76   strcmp.o
        30          0          0          0          0         80   strncmp.o
        44          0          0          0          0         80   uidiv.o
        98          0          0          0          0         92   uldiv.o
        48          0          0          0          0         68   cdrcmple.o
        20          0          0          0          0         68   cfcmple.o
        20          0          0          0          0         68   cfrcmple.o
        56          0          0          0          0         88   d2f.o
       334          0          0          0          0        148   dadd.o
       222          0          0          0          0        100   ddiv.o
       186          0          0          0          0        176   depilogue.o
        48          0          0          0          0         68   dfixul.o
        24          0          0          0          0         76   dfltul.o
       228          0          0          0          0         96   dmul.o
        38          0          0          0          0         68   f2d.o
       176          0          0          0          0        140   fadd.o
       110          0          0          0          0        168   fepilogue.o
        40          0          0          0          0         68   ffixui.o
        10          0          0          0          0         68   ffltui.o
       100          0          0          0          0         76   fmul.o

    ----------------------------------------------------------------------
      6300        150         64          4          0       3572   Library Totals
        12          0          0          0          0          0   (incl. Padding)

    ----------------------------------------------------------------------

      Code (inc. data)   RO Data    RW Data    ZI Data      Debug   Library Name

      4628        150         64          4          0       2028   mc_w.l
      1660          0          0          0          0       1544   mf_w.l

    ----------------------------------------------------------------------
      6300        150         64          4          0       3572   Library Totals

    ----------------------------------------------------------------------

==============================================================================


      Code (inc. data)   RO Data    RW Data    ZI Data      Debug   

     11732       1158        408        156       1292     381855   Grand Totals
     11732       1158        408        156       1292     381855   ELF Image Totals
     11732       1158        408        156          0          0   ROM Totals

==============================================================================

    Total RO  Size (Code + RO Data)                12140 (  11.86kB)
    Total RW  Size (RW Data + ZI Data)              1448 (   1.41kB)
    Total ROM Size (Code + RO Data + RW Data)      12296 (  12.01kB)

==============================================================================

